Archive member included to satisfy reference by file (symbol)

/home/ferminverdolini/Universidad/Octavo semestre/Electronica digital 3/Trabajo Final/Sintetizador/CMSISv2p00_LPC17xx/Debug/libCMSISv2p00_LPC17xx.a(system_LPC17xx.o)
                              ./src/cr_startup_lpc175x_6x.o (SystemInit)
/home/ferminverdolini/Universidad/Octavo semestre/Electronica digital 3/Trabajo Final/Sintetizador/CMSISv2p00_LPC17xx/Debug/libCMSISv2p00_LPC17xx.a(lpc17xx_dac.o)
                              ./src/tp_final.o (DAC_Init)
/home/ferminverdolini/Universidad/Octavo semestre/Electronica digital 3/Trabajo Final/Sintetizador/CMSISv2p00_LPC17xx/Debug/libCMSISv2p00_LPC17xx.a(lpc17xx_exti.o)
                              ./src/tp_final.o (EXTI_Config)
/home/ferminverdolini/Universidad/Octavo semestre/Electronica digital 3/Trabajo Final/Sintetizador/CMSISv2p00_LPC17xx/Debug/libCMSISv2p00_LPC17xx.a(lpc17xx_gpdma.o)
                              ./src/tp_final.o (GPDMA_Init)
/home/ferminverdolini/Universidad/Octavo semestre/Electronica digital 3/Trabajo Final/Sintetizador/CMSISv2p00_LPC17xx/Debug/libCMSISv2p00_LPC17xx.a(lpc17xx_gpio.o)
                              ./src/tp_final.o (GPIO_IntCmd)
/home/ferminverdolini/Universidad/Octavo semestre/Electronica digital 3/Trabajo Final/Sintetizador/CMSISv2p00_LPC17xx/Debug/libCMSISv2p00_LPC17xx.a(lpc17xx_libcfg_default.o)
                              /home/ferminverdolini/Universidad/Octavo semestre/Electronica digital 3/Trabajo Final/Sintetizador/CMSISv2p00_LPC17xx/Debug/libCMSISv2p00_LPC17xx.a(lpc17xx_dac.o) (check_failed)
/home/ferminverdolini/Universidad/Octavo semestre/Electronica digital 3/Trabajo Final/Sintetizador/CMSISv2p00_LPC17xx/Debug/libCMSISv2p00_LPC17xx.a(lpc17xx_pinsel.o)
                              ./src/tp_final.o (PINSEL_ConfigPin)
/home/ferminverdolini/Universidad/Octavo semestre/Electronica digital 3/Trabajo Final/Sintetizador/CMSISv2p00_LPC17xx/Debug/libCMSISv2p00_LPC17xx.a(lpc17xx_clkpwr.o)
                              /home/ferminverdolini/Universidad/Octavo semestre/Electronica digital 3/Trabajo Final/Sintetizador/CMSISv2p00_LPC17xx/Debug/libCMSISv2p00_LPC17xx.a(lpc17xx_gpdma.o) (CLKPWR_ConfigPPWR)
/usr/local/mcuxpressoide-11.6.0_8187/ide/plugins/com.nxp.mcuxpresso.tools.linux_11.6.0.202112161359/tools/bin/../lib/gcc/arm-none-eabi/10.3.1/../../../../arm-none-eabi/lib/thumb/v7-m/nofp/libcr_c.a(__weak__main.o)
                              ./src/cr_startup_lpc175x_6x.o (__main)
/usr/local/mcuxpressoide-11.6.0_8187/ide/plugins/com.nxp.mcuxpresso.tools.linux_11.6.0.202112161359/tools/bin/../lib/gcc/arm-none-eabi/10.3.1/../../../../arm-none-eabi/lib/thumb/v7-m/nofp/libcr_c.a(alloc.o)
                              ./src/Stack.o (malloc)
/usr/local/mcuxpressoide-11.6.0_8187/ide/plugins/com.nxp.mcuxpresso.tools.linux_11.6.0.202112161359/tools/bin/../lib/gcc/arm-none-eabi/10.3.1/../../../../arm-none-eabi/lib/thumb/v7-m/nofp/libcr_c.a(memcpy.o)
                              /usr/local/mcuxpressoide-11.6.0_8187/ide/plugins/com.nxp.mcuxpresso.tools.linux_11.6.0.202112161359/tools/bin/../lib/gcc/arm-none-eabi/10.3.1/../../../../arm-none-eabi/lib/thumb/v7-m/nofp/libcr_c.a(alloc.o) (memcpy)
/usr/local/mcuxpressoide-11.6.0_8187/ide/plugins/com.nxp.mcuxpresso.tools.linux_11.6.0.202112161359/tools/bin/../lib/gcc/arm-none-eabi/10.3.1/../../../../arm-none-eabi/lib/thumb/v7-m/nofp/libcr_c.a(memset.o)
                              /usr/local/mcuxpressoide-11.6.0_8187/ide/plugins/com.nxp.mcuxpresso.tools.linux_11.6.0.202112161359/tools/bin/../lib/gcc/arm-none-eabi/10.3.1/../../../../arm-none-eabi/lib/thumb/v7-m/nofp/libcr_c.a(alloc.o) (memset)
/usr/local/mcuxpressoide-11.6.0_8187/ide/plugins/com.nxp.mcuxpresso.tools.linux_11.6.0.202112161359/tools/bin/../lib/gcc/arm-none-eabi/10.3.1/../../../../arm-none-eabi/lib/thumb/v7-m/nofp/libcr_c.a(__init_alloc.o)
                              /usr/local/mcuxpressoide-11.6.0_8187/ide/plugins/com.nxp.mcuxpresso.tools.linux_11.6.0.202112161359/tools/bin/../lib/gcc/arm-none-eabi/10.3.1/../../../../arm-none-eabi/lib/thumb/v7-m/nofp/libcr_c.a(alloc.o) (__heaps)
/usr/local/mcuxpressoide-11.6.0_8187/ide/plugins/com.nxp.mcuxpresso.tools.linux_11.6.0.202112161359/tools/bin/../lib/gcc/arm-none-eabi/10.3.1/../../../../arm-none-eabi/lib/thumb/v7-m/nofp/libcr_c.a(_cr_sbrk.o)
                              /usr/local/mcuxpressoide-11.6.0_8187/ide/plugins/com.nxp.mcuxpresso.tools.linux_11.6.0.202112161359/tools/bin/../lib/gcc/arm-none-eabi/10.3.1/../../../../arm-none-eabi/lib/thumb/v7-m/nofp/libcr_c.a(alloc.o) (_sbrk)
/usr/local/mcuxpressoide-11.6.0_8187/ide/plugins/com.nxp.mcuxpresso.tools.linux_11.6.0.202112161359/tools/bin/../lib/gcc/arm-none-eabi/10.3.1/../../../../arm-none-eabi/lib/thumb/v7-m/nofp/libcr_c.a(errno.o)
[...]
Memory Configuration

Name             Origin             Length             Attributes
MFlash512        0x0000000000000000 0x0000000000080000 xr
RamLoc32         0x0000000010000000 0x0000000000008000 xrw
RamAHB32         0x000000002007c000 0x0000000000008000 xrw
*default*        0x0000000000000000 0xffffffffffffffff

Linker script and memory map

LOAD ./src/Stack.o
LOAD ./src/cr_startup_lpc175x_6x.o
LOAD ./src/crp.o
LOAD ./src/tp_final.o
LOAD /home/ferminverdolini/Universidad/Octavo semestre/Electronica digital 3/Trabajo Final/Sintetizador/CMSISv2p00_LPC17xx/Debug/libCMSISv2p00_LPC17xx.a
START GROUP
LOAD /usr/local/mcuxpressoide-11.6.0_8187/ide/plugins/com.nxp.mcuxpresso.tools.linux_11.6.0.202112161359/tools/bin/../lib/gcc/arm-none-eabi/10.3.1/../../../../arm-none-eabi/lib/thumb/v7-m/nofp/libcr_c.a
LOAD /usr/local/mcuxpressoide-11.6.0_8187/ide/plugins/com.nxp.mcuxpresso.tools.linux_11.6.0.202112161359/tools/bin/../lib/gcc/arm-none-eabi/10.3.1/thumb/v7-m/nofp/libcr_eabihelpers.a
LOAD /usr/local/mcuxpressoide-11.6.0_8187/ide/plugins/com.nxp.mcuxpresso.tools.linux_11.6.0.202112161359/tools/bin/../lib/gcc/arm-none-eabi/10.3.1/thumb/v7-m/nofp/libgcc.a
END GROUP
                0x0000000000000000                __base_MFlash512 = 0x0
                0x0000000000000000                __base_Flash = 0x0
                0x0000000000080000                __top_MFlash512 = 0x80000
                0x0000000000080000                __top_Flash = 0x80000
                0x0000000010000000                __base_RamLoc32 = 0x10000000
                0x0000000010000000                __base_RAM = 0x10000000
                0x0000000010008000                __top_RamLoc32 = 0x10008000
                0x0000000010008000                __top_RAM = 0x10008000
                0x000000002007c000                __base_RamAHB32 = 0x2007c000
                0x000000002007c000                __base_RAM2 = 0x2007c000
                0x0000000020084000                __top_RamAHB32 = 0x20084000
                0x0000000020084000                __top_RAM2 = 0x20084000

.text           0x0000000000000000      0xa9c
 FILL mask 0xff
                0x0000000000000000                __vectors_start__ = ABSOLUTE (.)
 *(.isr_vector)
 .isr_vector    0x0000000000000000       0xcc ./src/cr_startup_lpc175x_6x.o
                0x0000000000000000                g_pfnVectors
                0x00000000000000cc                . = ALIGN (0x4)
                0x00000000000000cc                __section_table_start = .
                0x00000000000000cc                __data_section_table = .
                0x00000000000000cc        0x4 LONG 0xa9c LOADADDR (.data)
                0x00000000000000d0        0x4 LONG 0x10000000 ADDR (.data)
                0x00000000000000d4        0x4 LONG 0x20 SIZEOF (.data)
                0x00000000000000d8        0x4 LONG 0xa9c LOADADDR (.data_RAM2)
                0x00000000000000dc        0x4 LONG 0x2007c000 ADDR (.data_RAM2)
                0x00000000000000e0        0x4 LONG 0x0 SIZEOF (.data_RAM2)
                0x00000000000000e4                __data_section_table_end = .
                0x00000000000000e4                __bss_section_table = .
                0x00000000000000e4        0x4 LONG 0x10000020 ADDR (.bss)
                0x00000000000000e8        0x4 LONG 0x3000 SIZEOF (.bss)
                0x00000000000000ec        0x4 LONG 0x2007c000 ADDR (.bss_RAM2)
                0x00000000000000f0        0x4 LONG 0x0 SIZEOF (.bss_RAM2)
                0x00000000000000f4                __bss_section_table_end = .
                0x00000000000000f4                __section_table_end = .
 *(.after_vectors*)
 .after_vectors
                0x00000000000000f4      0x130 ./src/cr_startup_lpc175x_6x.o
                0x00000000000000f4                data_init
                0x0000000000000138                bss_init
                0x0000000000000170                ResetISR
                0x00000000000001e8                NMI_Handler
                0x00000000000001ee                HardFault_Handler
                0x00000000000001f4                MemManage_Handler
                0x00000000000001fa                BusFault_Handler
                0x0000000000000200                UsageFault_Handler
                0x0000000000000206                SVC_Handler
                0x000000000000020c                DebugMon_Handler
                0x0000000000000212                PendSV_Handler
                0x0000000000000218                SysTick_Handler
                0x000000000000021e                TIMER2_IRQHandler
                0x000000000000021e                RIT_IRQHandler
                0x000000000000021e                I2C0_IRQHandler
                0x000000000000021e                USBActivity_IRQHandler
                0x000000000000021e                PWM1_IRQHandler
                0x000000000000021e                I2C1_IRQHandler
                0x000000000000021e                EINT2_IRQHandler
                0x000000000000021e                UART1_IRQHandler
                0x000000000000021e                EINT3_IRQHandler
                0x000000000000021e                CANActivity_IRQHandler
                0x000000000000021e                TIMER3_IRQHandler
                0x000000000000021e                UART0_IRQHandler
                0x000000000000021e                IntDefaultHandler
                0x000000000000021e                PLL0_IRQHandler
                0x000000000000021e                CAN_IRQHandler
                0x000000000000021e                PLL1_IRQHandler
                0x000000000000021e                SSP0_IRQHandler
                0x000000000000021e                I2S_IRQHandler
                0x000000000000021e                I2C2_IRQHandler
                0x000000000000021e                RTC_IRQHandler
                0x000000000000021e                TIMER0_IRQHandler
                0x000000000000021e                SPI_IRQHandler
                0x000000000000021e                EINT1_IRQHandler
                0x000000000000021e                TIMER1_IRQHandler
                0x000000000000021e                UART2_IRQHandler
                0x000000000000021e                ADC_IRQHandler
                0x000000000000021e                SSP1_IRQHandler
                0x000000000000021e                USB_IRQHandler
                0x000000000000021e                BOD_IRQHandler
                0x000000000000021e                WDT_IRQHandler
                0x000000000000021e                QEI_IRQHandler
                0x000000000000021e                EINT0_IRQHandler
                0x000000000000021e                DMA_IRQHandler
                0x000000000000021e                UART3_IRQHandler
                0x000000000000021e                MCPWM_IRQHandler
                0x000000000000021e                ENET_IRQHandler
                0x00000000000002fc                . = 0x2fc
 *fill*         0x0000000000000224       0xd8 ff
                0x00000000000002fc                PROVIDE (__CRP_WORD_START__ = .)
 *(.crp)
 .crp           0x00000000000002fc        0x4 ./src/crp.o
                0x00000000000002fc                CRP_WORD
                0x0000000000000300                PROVIDE (__CRP_WORD_END__ = .)
                0x0000000000000001                ASSERT (! ((__CRP_WORD_START__ == __CRP_WORD_END__)), Linker CRP Enabled, but no CRP_WORD provided within application)
 *(.text*)
 .text.main     0x0000000000000300       0x1a ./src/tp_final.o
                0x0000000000000300                main
 .text.cfgPines
                0x000000000000031a       0xc8 ./src/tp_final.o
                0x000000000000031a                cfgPines
 *fill*         0x00000000000003e2        0x2 ff
 .text.cfgDAC   0x00000000000003e4       0x30 ./src/tp_final.o
                0x00000000000003e4                cfgDAC
 .text.cfgDMA   0x0000000000000414       0x78 ./src/tp_final.o
                0x0000000000000414                cfgDMA
 .text.makeSignals
                0x000000000000048c       0x88 ./src/tp_final.o
                0x000000000000048c                makeSignals
 .text.SystemInit
                0x0000000000000514       0xd8 /home/ferminverdolini/Universidad/Octavo semestre/Electronica digital 3/Trabajo Final/Sintetizador/CMSISv2p00_LPC17xx/Debug/libCMSISv2p00_LPC17xx.a(system_LPC17xx.o)
                0x0000000000000514                SystemInit
 .text.DAC_Init
                0x00000000000005ec       0x24 /home/ferminverdolini/Universidad/Octavo semestre/Electronica digital 3/Trabajo Final/Sintetizador/CMSISv2p00_LPC17xx/Debug/libCMSISv2p00_LPC17xx.a(lpc17xx_dac.o)
                0x00000000000005ec                DAC_Init
 .text.DAC_ConfigDAConverterControl
                0x0000000000000610       0x4c /home/ferminverdolini/Universidad/Octavo semestre/Electronica digital 3/Trabajo Final/Sintetizador/CMSISv2p00_LPC17xx/Debug/libCMSISv2p00_LPC17xx.a(lpc17xx_dac.o)
                0x0000000000000610                DAC_ConfigDAConverterControl
 .text.EXTI_SetMode
                0x000000000000065c       0x30 /home/ferminverdolini/Universidad/Octavo semestre/Electronica digital 3/Trabajo Final/Sintetizador/CMSISv2p00_LPC17xx/Debug/libCMSISv2p00_LPC17xx.a(lpc17xx_exti.o)
                0x000000000000065c                EXTI_SetMode
 .text.EXTI_SetPolarity
                0x000000000000068c       0x30 /home/ferminverdolini/Universidad/Octavo semestre/Electronica digital 3/Trabajo Final/Sintetizador/CMSISv2p00_LPC17xx/Debug/libCMSISv2p00_LPC17xx.a(lpc17xx_exti.o)
                0x000000000000068c                EXTI_SetPolarity
 .text.EXTI_Config
                0x00000000000006bc       0x24 /home/ferminverdolini/Universidad/Octavo semestre/Electronica digital 3/Trabajo Final/Sintetizador/CMSISv2p00_LPC17xx/Debug/libCMSISv2p00_LPC17xx.a(lpc17xx_exti.o)
                0x00000000000006bc                EXTI_Config
 .text.GPDMA_Init
                0x00000000000006e0       0x38 /home/ferminverdolini/Universidad/Octavo semestre/Electronica digital 3/Trabajo Final/Sintetizador/CMSISv2p00_LPC17xx/Debug/libCMSISv2p00_LPC17xx.a(lpc17xx_gpdma.o)
                0x00000000000006e0                GPDMA_Init
 .text.GPDMA_Setup
                0x0000000000000718      0x1d8 /home/ferminverdolini/Universidad/Octavo semestre/Electronica digital 3/Trabajo Final/Sintetizador/CMSISv2p00_LPC17xx/Debug/libCMSISv2p00_LPC17xx.a(lpc17xx_gpdma.o)
                0x0000000000000718                GPDMA_Setup
 .text.GPDMA_ChannelCmd
                0x00000000000008f0       0x1c /home/ferminverdolini/Universidad/Octavo semestre/Electronica digital 3/Trabajo Final/Sintetizador/CMSISv2p00_LPC17xx/Debug/libCMSISv2p00_LPC17xx.a(lpc17xx_gpdma.o)
                0x00000000000008f0                GPDMA_ChannelCmd
 .text.GPIO_IntCmd
                0x000000000000090c       0x38 /home/ferminverdolini/Universidad/Octavo semestre/Electronica digital 3/Trabajo Final/Sintetizador/CMSISv2p00_LPC17xx/Debug/libCMSISv2p00_LPC17xx.a(lpc17xx_gpio.o)
                0x000000000000090c                GPIO_IntCmd
 .text.check_failed
                0x0000000000000944        0x2 /home/ferminverdolini/Universidad/Octavo semestre/Electronica digital 3/Trabajo Final/Sintetizador/CMSISv2p00_LPC17xx/Debug/libCMSISv2p00_LPC17xx.a(lpc17xx_libcfg_default.o)
                0x0000000000000944                check_failed
 *fill*         0x0000000000000946        0x2 ff
 .text.PINSEL_ConfigPin
                0x0000000000000948       0x7c /home/ferminverdolini/Universidad/Octavo semestre/Electronica digital 3/Trabajo Final/Sintetizador/CMSISv2p00_LPC17xx/Debug/libCMSISv2p00_LPC17xx.a(lpc17xx_pinsel.o)
                0x0000000000000948                PINSEL_ConfigPin
 .text.CLKPWR_ConfigPPWR
                0x00000000000009c4       0x34 /home/ferminverdolini/Universidad/Octavo semestre/Electronica digital 3/Trabajo Final/Sintetizador/CMSISv2p00_LPC17xx/Debug/libCMSISv2p00_LPC17xx.a(lpc17xx_clkpwr.o)
                0x00000000000009c4                CLKPWR_ConfigPPWR
 .text.__weak_main
                0x00000000000009f8        0x4 /usr/local/mcuxpressoide-11.6.0_8187/ide/plugins/com.nxp.mcuxpresso.tools.linux_11.6.0.202112161359/tools/bin/../lib/gcc/arm-none-eabi/10.3.1/../../../../arm-none-eabi/lib/thumb/v7-m/nofp/libcr_c.a(__weak__main.o)
                0x00000000000009f8                __main
                0x00000000000009f8                __weak_main
 *(.rodata .rodata.* .constdata .constdata.*)
 .rodata.DAC_Init.str1.1
                0x00000000000009fc        0xe /home/ferminverdolini/Universidad/Octavo semestre/Electronica digital 3/Trabajo Final/Sintetizador/CMSISv2p00_LPC17xx/Debug/libCMSISv2p00_LPC17xx.a(lpc17xx_dac.o)
 *fill*         0x0000000000000a0a        0x2 ff
 .rodata.GPDMA_LUTPerAddr
                0x0000000000000a0c       0x60 /home/ferminverdolini/Universidad/Octavo semestre/Electronica digital 3/Trabajo Final/Sintetizador/CMSISv2p00_LPC17xx/Debug/libCMSISv2p00_LPC17xx.a(lpc17xx_gpdma.o)
                0x0000000000000a0c                GPDMA_LUTPerAddr
 .rodata.GPDMA_LUTPerBurst
                0x0000000000000a6c       0x18 /home/ferminverdolini/Universidad/Octavo semestre/Electronica digital 3/Trabajo Final/Sintetizador/CMSISv2p00_LPC17xx/Debug/libCMSISv2p00_LPC17xx.a(lpc17xx_gpdma.o)
                0x0000000000000a6c                GPDMA_LUTPerBurst
 .rodata.GPDMA_LUTPerWid
                0x0000000000000a84       0x18 /home/ferminverdolini/Universidad/Octavo semestre/Electronica digital 3/Trabajo Final/Sintetizador/CMSISv2p00_LPC17xx/Debug/libCMSISv2p00_LPC17xx.a(lpc17xx_gpdma.o)
                0x0000000000000a84                GPDMA_LUTPerWid
                0x0000000000000a9c                . = ALIGN (0x4)

.glue_7         0x0000000000000a9c        0x0
 .glue_7        0x0000000000000a9c        0x0 linker stubs

.glue_7t        0x0000000000000a9c        0x0
 .glue_7t       0x0000000000000a9c        0x0 linker stubs

.vfp11_veneer   0x0000000000000a9c        0x0
 .vfp11_veneer  0x0000000000000a9c        0x0 linker stubs

.v4_bx          0x0000000000000a9c        0x0
 .v4_bx         0x0000000000000a9c        0x0 linker stubs

.iplt           0x0000000000000a9c        0x0
 .iplt          0x0000000000000a9c        0x0 ./src/cr_startup_lpc175x_6x.o

.rel.dyn        0x0000000000000a9c        0x0
 .rel.iplt      0x0000000000000a9c        0x0 ./src/cr_startup_lpc175x_6x.o

.ARM.extab
 *(.ARM.extab* .gnu.linkonce.armextab.*)

.ARM.exidx      0x0000000000000a9c        0x0
                0x0000000000000a9c                __exidx_start = .
 *(.ARM.exidx* .gnu.linkonce.armexidx.*)
                0x0000000000000a9c                __exidx_end = .
                0x0000000000000a9c                _etext = .

.data_RAM2      0x000000002007c000        0x0 load address 0x0000000000000a9c
 FILL mask 0xff
                [!provide]                        PROVIDE (__start_data_RAM2 = .)
                [!provide]                        PROVIDE (__start_data_RamAHB32 = .)
 *(.ramfunc.$RAM2)
 *(.ramfunc.$RamAHB32)
 *(.data.$RAM2)
 *(.data.$RamAHB32)
 *(.data.$RAM2.*)
 *(.data.$RamAHB32.*)
                0x000000002007c000                . = ALIGN (0x4)
                [!provide]                        PROVIDE (__end_data_RAM2 = .)
                [!provide]                        PROVIDE (__end_data_RamAHB32 = .)

.uninit_RESERVED
                0x0000000010000000        0x0
                0x0000000010000000                _start_uninit_RESERVED = .
 *(.bss.$RESERVED*)
                0x0000000010000000                . = ALIGN (0x4)
                0x0000000010000000                _end_uninit_RESERVED = .

.data           0x0000000010000000       0x20 load address 0x0000000000000a9c
 FILL mask 0xff
                0x0000000010000000                _data = .
                [!provide]                        PROVIDE (__start_data_RAM = .)
                [!provide]                        PROVIDE (__start_data_RamLoc32 = .)
 *(vtable)
 *(.ramfunc*)
 *(CodeQuickAccess)
 *(DataQuickAccess)
 *(RamFunction)
 *(.data*)
 .data.pGPDMACh
                0x0000000010000000       0x20 /home/ferminverdolini/Universidad/Octavo semestre/Electronica digital 3/Trabajo Final/Sintetizador/CMSISv2p00_LPC17xx/Debug/libCMSISv2p00_LPC17xx.a(lpc17xx_gpdma.o)
                0x0000000010000000                pGPDMACh
                0x0000000010000020                . = ALIGN (0x4)
                0x0000000010000020                _edata = .
                [!provide]                        PROVIDE (__end_data_RAM = .)
                [!provide]                        PROVIDE (__end_data_RamLoc32 = .)

.igot.plt       0x0000000010000020        0x0 load address 0x0000000000000abc
 .igot.plt      0x0000000010000020        0x0 ./src/cr_startup_lpc175x_6x.o

.bss_RAM2       0x000000002007c000        0x0
                [!provide]                        PROVIDE (__start_bss_RAM2 = .)
                [!provide]                        PROVIDE (__start_bss_RamAHB32 = .)
 *(.bss.$RAM2)
 *(.bss.$RamAHB32)
 *(.bss.$RAM2.*)
 *(.bss.$RamAHB32.*)
                0x000000002007c000                . = ALIGN ((. != 0x0)?0x4:0x1)
                [!provide]                        PROVIDE (__end_bss_RAM2 = .)
                [!provide]                        PROVIDE (__end_bss_RamAHB32 = .)

.bss            0x0000000010000020     0x3000
                0x0000000010000020                _bss = .
                [!provide]                        PROVIDE (__start_bss_RAM = .)
                [!provide]                        PROVIDE (__start_bss_RamLoc32 = .)
 *(.bss*)
 .bss.sgnRect   0x0000000010000020     0x1000 ./src/tp_final.o
                0x0000000010000020                sgnRect
 .bss.sgnTriang
                0x0000000010001020     0x1000 ./src/tp_final.o
                0x0000000010001020                sgnTriang
 .bss.sgnSierra
                0x0000000010002020     0x1000 ./src/tp_final.o
                0x0000000010002020                sgnSierra
 *(COMMON)
                0x0000000010003020                . = ALIGN (0x4)
                0x0000000010003020                _ebss = .
                [!provide]                        PROVIDE (__end_bss_RAM = .)
                [!provide]                        PROVIDE (__end_bss_RamLoc32 = .)
                [!provide]                        PROVIDE (end = .)

.noinit_RAM2    0x000000002007c000        0x0
                [!provide]                        PROVIDE (__start_noinit_RAM2 = .)
                [!provide]                        PROVIDE (__start_noinit_RamAHB32 = .)
 *(.noinit.$RAM2)
 *(.noinit.$RamAHB32)
 *(.noinit.$RAM2.*)
 *(.noinit.$RamAHB32.*)
                0x000000002007c000                . = ALIGN (0x4)
                [!provide]                        PROVIDE (__end_noinit_RAM2 = .)
                [!provide]                        PROVIDE (__end_noinit_RamAHB32 = .)

.noinit         0x0000000010003020        0x0
                0x0000000010003020                _noinit = .
                [!provide]                        PROVIDE (__start_noinit_RAM = .)
                [!provide]                        PROVIDE (__start_noinit_RamLoc32 = .)
 *(.noinit*)
                0x0000000010003020                . = ALIGN (0x4)
                0x0000000010003020                _end_noinit = .
                [!provide]                        PROVIDE (__end_noinit_RAM = .)
                [!provide]                        PROVIDE (__end_noinit_RamLoc32 = .)
                0x0000000010003020                PROVIDE (_pvHeapStart = DEFINED (__user_heap_base)?__user_heap_base:.)
                0x0000000010008000                PROVIDE (_vStackTop = DEFINED (__user_stack_top)?__user_stack_top:(__top_RamLoc32 - 0x0))
                0xffffffffefff74c6                PROVIDE (__valid_user_code_checksum = (0x0 - ((((((_vStackTop + (ResetISR + 0x1)) + (NMI_Handler + 0x1)) + (HardFault_Handler + 0x1)) + (DEFINED (MemManage_Handler)?MemManage_Handler:0x0 + 0x1)) + (DEFINED (BusFault_Handler)?BusFault_Handler:0x0 + 0x1)) + (DEFINED (UsageFault_Handler)?UsageFault_Handler:0x0 + 0x1))))
                0x0000000000000000                _image_start = LOADADDR (.text)
                0x0000000000000abc                _image_end = (LOADADDR (.data) + SIZEOF (.data))
                0x0000000000000abc                _image_size = (_image_end - _image_start)
OUTPUT(tp_final.axf elf32-littlearm)
LOAD linker stubs

.debug_info     0x0000000000000000     0x4119
 .debug_info    0x0000000000000000      0x27f ./src/cr_startup_lpc175x_6x.o
 .debug_info    0x000000000000027f       0x40 ./src/crp.o
 .debug_info    0x00000000000002bf      0x4b3 ./src/tp_final.o
 .debug_info    0x0000000000000772      0x347 /home/ferminverdolini/Universidad/Octavo semestre/Electronica digital 3/Trabajo Final/Sintetizador/CMSISv2p00_LPC17xx/Debug/libCMSISv2p00_LPC17xx.a(system_LPC17xx.o)
 .debug_info    0x0000000000000ab9      0x365 /home/ferminverdolini/Universidad/Octavo semestre/Electronica digital 3/Trabajo Final/Sintetizador/CMSISv2p00_LPC17xx/Debug/libCMSISv2p00_LPC17xx.a(lpc17xx_dac.o)
 .debug_info    0x0000000000000e1e      0x53b /home/ferminverdolini/Universidad/Octavo semestre/Electronica digital 3/Trabajo Final/Sintetizador/CMSISv2p00_LPC17xx/Debug/libCMSISv2p00_LPC17xx.a(lpc17xx_exti.o)
 .debug_info    0x0000000000001359     0x112b /home/ferminverdolini/Universidad/Octavo semestre/Electronica digital 3/Trabajo Final/Sintetizador/CMSISv2p00_LPC17xx/Debug/libCMSISv2p00_LPC17xx.a(lpc17xx_gpdma.o)
 .debug_info    0x0000000000002484      0xfb3 /home/ferminverdolini/Universidad/Octavo semestre/Electronica digital 3/Trabajo Final/Sintetizador/CMSISv2p00_LPC17xx/Debug/libCMSISv2p00_LPC17xx.a(lpc17xx_gpio.o)
 .debug_info    0x0000000000003437       0xd4 /home/ferminverdolini/Universidad/Octavo semestre/Electronica digital 3/Trabajo Final/Sintetizador/CMSISv2p00_LPC17xx/Debug/libCMSISv2p00_LPC17xx.a(lpc17xx_libcfg_default.o)
 .debug_info    0x000000000000350b      0x544 /home/ferminverdolini/Universidad/Octavo semestre/Electronica digital 3/Trabajo Final/Sintetizador/CMSISv2p00_LPC17xx/Debug/libCMSISv2p00_LPC17xx.a(lpc17xx_pinsel.o)
 .debug_info    0x0000000000003a4f      0x6ca /home/ferminverdolini/Universidad/Octavo semestre/Electronica digital 3/Trabajo Final/Sintetizador/CMSISv2p00_LPC17xx/Debug/libCMSISv2p00_LPC17xx.a(lpc17xx_clkpwr.o)

.debug_abbrev   0x0000000000000000     0x1097
 .debug_abbrev  0x0000000000000000      0x122 ./src/cr_startup_lpc175x_6x.o
 .debug_abbrev  0x0000000000000122       0x38 ./src/crp.o
 .debug_abbrev  0x000000000000015a      0x159 ./src/tp_final.o
 .debug_abbrev  0x00000000000002b3      0x10e /home/ferminverdolini/Universidad/Octavo semestre/Electronica digital 3/Trabajo Final/Sintetizador/CMSISv2p00_LPC17xx/Debug/libCMSISv2p00_LPC17xx.a(system_LPC17xx.o)
 .debug_abbrev  0x00000000000003c1      0x17f /home/ferminverdolini/Universidad/Octavo semestre/Electronica digital 3/Trabajo Final/Sintetizador/CMSISv2p00_LPC17xx/Debug/libCMSISv2p00_LPC17xx.a(lpc17xx_dac.o)
 .debug_abbrev  0x0000000000000540      0x1ae /home/ferminverdolini/Universidad/Octavo semestre/Electronica digital 3/Trabajo Final/Sintetizador/CMSISv2p00_LPC17xx/Debug/libCMSISv2p00_LPC17xx.a(lpc17xx_exti.o)
 .debug_abbrev  0x00000000000006ee      0x287 /home/ferminverdolini/Universidad/Octavo semestre/Electronica digital 3/Trabajo Final/Sintetizador/CMSISv2p00_LPC17xx/Debug/libCMSISv2p00_LPC17xx.a(lpc17xx_gpdma.o)
 .debug_abbrev  0x0000000000000975      0x303 /home/ferminverdolini/Universidad/Octavo semestre/Electronica digital 3/Trabajo Final/Sintetizador/CMSISv2p00_LPC17xx/Debug/libCMSISv2p00_LPC17xx.a(lpc17xx_gpio.o)
 .debug_abbrev  0x0000000000000c78       0x75 /home/ferminverdolini/Universidad/Octavo semestre/Electronica digital 3/Trabajo Final/Sintetizador/CMSISv2p00_LPC17xx/Debug/libCMSISv2p00_LPC17xx.a(lpc17xx_libcfg_default.o)
 .debug_abbrev  0x0000000000000ced      0x1b9 /home/ferminverdolini/Universidad/Octavo semestre/Electronica digital 3/Trabajo Final/Sintetizador/CMSISv2p00_LPC17xx/Debug/libCMSISv2p00_LPC17xx.a(lpc17xx_pinsel.o)
 .debug_abbrev  0x0000000000000ea6      0x1f1 /home/ferminverdolini/Universidad/Octavo semestre/Electronica digital 3/Trabajo Final/Sintetizador/CMSISv2p00_LPC17xx/Debug/libCMSISv2p00_LPC17xx.a(lpc17xx_clkpwr.o)

.debug_aranges  0x0000000000000000      0x358
 .debug_aranges
                0x0000000000000000       0x80 ./src/cr_startup_lpc175x_6x.o
 .debug_aranges
                0x0000000000000080       0x18 ./src/crp.o
 .debug_aranges
                0x0000000000000098       0x40 ./src/tp_final.o
 .debug_aranges
                0x00000000000000d8       0x28 /home/ferminverdolini/Universidad/Octavo semestre/Electronica digital 3/Trabajo Final/Sintetizador/CMSISv2p00_LPC17xx/Debug/libCMSISv2p00_LPC17xx.a(system_LPC17xx.o)
 .debug_aranges
                0x0000000000000100       0x40 /home/ferminverdolini/Universidad/Octavo semestre/Electronica digital 3/Trabajo Final/Sintetizador/CMSISv2p00_LPC17xx/Debug/libCMSISv2p00_LPC17xx.a(lpc17xx_dac.o)
 .debug_aranges
                0x0000000000000140       0x48 /home/ferminverdolini/Universidad/Octavo semestre/Electronica digital 3/Trabajo Final/Sintetizador/CMSISv2p00_LPC17xx/Debug/libCMSISv2p00_LPC17xx.a(lpc17xx_exti.o)
 .debug_aranges
                0x0000000000000188       0x40 /home/ferminverdolini/Universidad/Octavo semestre/Electronica digital 3/Trabajo Final/Sintetizador/CMSISv2p00_LPC17xx/Debug/libCMSISv2p00_LPC17xx.a(lpc17xx_gpdma.o)
 .debug_aranges
                0x00000000000001c8       0xe8 /home/ferminverdolini/Universidad/Octavo semestre/Electronica digital 3/Trabajo Final/Sintetizador/CMSISv2p00_LPC17xx/Debug/libCMSISv2p00_LPC17xx.a(lpc17xx_gpio.o)
 .debug_aranges
                0x00000000000002b0       0x20 /home/ferminverdolini/Universidad/Octavo semestre/Electronica digital 3/Trabajo Final/Sintetizador/CMSISv2p00_LPC17xx/Debug/libCMSISv2p00_LPC17xx.a(lpc17xx_libcfg_default.o)
 .debug_aranges
                0x00000000000002d0       0x30 /home/ferminverdolini/Universidad/Octavo semestre/Electronica digital 3/Trabajo Final/Sintetizador/CMSISv2p00_LPC17xx/Debug/libCMSISv2p00_LPC17xx.a(lpc17xx_pinsel.o)
 .debug_aranges
                0x0000000000000300       0x58 /home/ferminverdolini/Universidad/Octavo semestre/Electronica digital 3/Trabajo Final/Sintetizador/CMSISv2p00_LPC17xx/Debug/libCMSISv2p00_LPC17xx.a(lpc17xx_clkpwr.o)

.debug_ranges   0x0000000000000000      0x2f8
 .debug_ranges  0x0000000000000000       0x70 ./src/cr_startup_lpc175x_6x.o
 .debug_ranges  0x0000000000000070       0x30 ./src/tp_final.o
 .debug_ranges  0x00000000000000a0       0x18 /home/ferminverdolini/Universidad/Octavo semestre/Electronica digital 3/Trabajo Final/Sintetizador/CMSISv2p00_LPC17xx/Debug/libCMSISv2p00_LPC17xx.a(system_LPC17xx.o)
 .debug_ranges  0x00000000000000b8       0x30 /home/ferminverdolini/Universidad/Octavo semestre/Electronica digital 3/Trabajo Final/Sintetizador/CMSISv2p00_LPC17xx/Debug/libCMSISv2p00_LPC17xx.a(lpc17xx_dac.o)
 .debug_ranges  0x00000000000000e8       0x38 /home/ferminverdolini/Universidad/Octavo semestre/Electronica digital 3/Trabajo Final/Sintetizador/CMSISv2p00_LPC17xx/Debug/libCMSISv2p00_LPC17xx.a(lpc17xx_exti.o)
 .debug_ranges  0x0000000000000120       0x30 /home/ferminverdolini/Universidad/Octavo semestre/Electronica digital 3/Trabajo Final/Sintetizador/CMSISv2p00_LPC17xx/Debug/libCMSISv2p00_LPC17xx.a(lpc17xx_gpdma.o)
 .debug_ranges  0x0000000000000150       0xf0 /home/ferminverdolini/Universidad/Octavo semestre/Electronica digital 3/Trabajo Final/Sintetizador/CMSISv2p00_LPC17xx/Debug/libCMSISv2p00_LPC17xx.a(lpc17xx_gpio.o)
 .debug_ranges  0x0000000000000240       0x10 /home/ferminverdolini/Universidad/Octavo semestre/Electronica digital 3/Trabajo Final/Sintetizador/CMSISv2p00_LPC17xx/Debug/libCMSISv2p00_LPC17xx.a(lpc17xx_libcfg_default.o)
 .debug_ranges  0x0000000000000250       0x60 /home/ferminverdolini/Universidad/Octavo semestre/Electronica digital 3/Trabajo Final/Sintetizador/CMSISv2p00_LPC17xx/Debug/libCMSISv2p00_LPC17xx.a(lpc17xx_pinsel.o)
 .debug_ranges  0x00000000000002b0       0x48 /home/ferminverdolini/Universidad/Octavo semestre/Electronica digital 3/Trabajo Final/Sintetizador/CMSISv2p00_LPC17xx/Debug/libCMSISv2p00_LPC17xx.a(lpc17xx_clkpwr.o)

.debug_macro    0x0000000000000000     0x348d
 .debug_macro   0x0000000000000000       0x1d ./src/cr_startup_lpc175x_6x.o
 .debug_macro   0x000000000000001d       0x1a ./src/crp.o
 .debug_macro   0x0000000000000037       0x34 ./src/crp.o
 .debug_macro   0x000000000000006b       0xdc ./src/tp_final.o
 .debug_macro   0x0000000000000147       0x1c ./src/tp_final.o
 .debug_macro   0x0000000000000163       0x2e ./src/tp_final.o
 .debug_macro   0x0000000000000191      0x5b3 ./src/tp_final.o
 .debug_macro   0x0000000000000744       0x18 ./src/tp_final.o
 .debug_macro   0x000000000000075c      0x7af ./src/tp_final.o
 .debug_macro   0x0000000000000f0b      0x2c7 ./src/tp_final.o
 .debug_macro   0x00000000000011d2       0x63 ./src/tp_final.o
 .debug_macro   0x0000000000001235       0x3a ./src/tp_final.o
 .debug_macro   0x000000000000126f       0xea ./src/tp_final.o
 .debug_macro   0x0000000000001359      0x145 ./src/tp_final.o
 .debug_macro   0x000000000000149e       0x46 ./src/tp_final.o
 .debug_macro   0x00000000000014e4       0x22 ./src/tp_final.o
 .debug_macro   0x0000000000001506      0x2ae ./src/tp_final.o
 .debug_macro   0x00000000000017b4       0x82 ./src/tp_final.o
 .debug_macro   0x0000000000001836       0x9a ./src/tp_final.o
 .debug_macro   0x00000000000018d0      0x12b /home/ferminverdolini/Universidad/Octavo semestre/Electronica digital 3/Trabajo Final/Sintetizador/CMSISv2p00_LPC17xx/Debug/libCMSISv2p00_LPC17xx.a(system_LPC17xx.o)
 .debug_macro   0x00000000000019fb      0xa78 /home/ferminverdolini/Universidad/Octavo semestre/Electronica digital 3/Trabajo Final/Sintetizador/CMSISv2p00_LPC17xx/Debug/libCMSISv2p00_LPC17xx.a(system_LPC17xx.o)
 .debug_macro   0x0000000000002473       0x9f /home/ferminverdolini/Universidad/Octavo semestre/Electronica digital 3/Trabajo Final/Sintetizador/CMSISv2p00_LPC17xx/Debug/libCMSISv2p00_LPC17xx.a(lpc17xx_dac.o)
 .debug_macro   0x0000000000002512      0x2f7 /home/ferminverdolini/Universidad/Octavo semestre/Electronica digital 3/Trabajo Final/Sintetizador/CMSISv2p00_LPC17xx/Debug/libCMSISv2p00_LPC17xx.a(lpc17xx_dac.o)
 .debug_macro   0x0000000000002809       0xdd /home/ferminverdolini/Universidad/Octavo semestre/Electronica digital 3/Trabajo Final/Sintetizador/CMSISv2p00_LPC17xx/Debug/libCMSISv2p00_LPC17xx.a(lpc17xx_dac.o)
 .debug_macro   0x00000000000028e6       0x96 /home/ferminverdolini/Universidad/Octavo semestre/Electronica digital 3/Trabajo Final/Sintetizador/CMSISv2p00_LPC17xx/Debug/libCMSISv2p00_LPC17xx.a(lpc17xx_exti.o)
 .debug_macro   0x000000000000297c       0x1c /home/ferminverdolini/Universidad/Octavo semestre/Electronica digital 3/Trabajo Final/Sintetizador/CMSISv2p00_LPC17xx/Debug/libCMSISv2p00_LPC17xx.a(lpc17xx_exti.o)
 .debug_macro   0x0000000000002998       0x9f /home/ferminverdolini/Universidad/Octavo semestre/Electronica digital 3/Trabajo Final/Sintetizador/CMSISv2p00_LPC17xx/Debug/libCMSISv2p00_LPC17xx.a(lpc17xx_gpdma.o)
 .debug_macro   0x0000000000002a37      0x2a8 /home/ferminverdolini/Universidad/Octavo semestre/Electronica digital 3/Trabajo Final/Sintetizador/CMSISv2p00_LPC17xx/Debug/libCMSISv2p00_LPC17xx.a(lpc17xx_gpdma.o)
 .debug_macro   0x0000000000002cdf       0x96 /home/ferminverdolini/Universidad/Octavo semestre/Electronica digital 3/Trabajo Final/Sintetizador/CMSISv2p00_LPC17xx/Debug/libCMSISv2p00_LPC17xx.a(lpc17xx_gpio.o)
 .debug_macro   0x0000000000002d75       0x40 /home/ferminverdolini/Universidad/Octavo semestre/Electronica digital 3/Trabajo Final/Sintetizador/CMSISv2p00_LPC17xx/Debug/libCMSISv2p00_LPC17xx.a(lpc17xx_gpio.o)
 .debug_macro   0x0000000000002db5       0x5a /home/ferminverdolini/Universidad/Octavo semestre/Electronica digital 3/Trabajo Final/Sintetizador/CMSISv2p00_LPC17xx/Debug/libCMSISv2p00_LPC17xx.a(lpc17xx_libcfg_default.o)
 .debug_macro   0x0000000000002e0f       0x5d /home/ferminverdolini/Universidad/Octavo semestre/Electronica digital 3/Trabajo Final/Sintetizador/CMSISv2p00_LPC17xx/Debug/libCMSISv2p00_LPC17xx.a(lpc17xx_libcfg_default.o)
 .debug_macro   0x0000000000002e6c       0xd7 /home/ferminverdolini/Universidad/Octavo semestre/Electronica digital 3/Trabajo Final/Sintetizador/CMSISv2p00_LPC17xx/Debug/libCMSISv2p00_LPC17xx.a(lpc17xx_libcfg_default.o)
 .debug_macro   0x0000000000002f43       0x8d /home/ferminverdolini/Universidad/Octavo semestre/Electronica digital 3/Trabajo Final/Sintetizador/CMSISv2p00_LPC17xx/Debug/libCMSISv2p00_LPC17xx.a(lpc17xx_pinsel.o)
 .debug_macro   0x0000000000002fd0      0x13f /home/ferminverdolini/Universidad/Octavo semestre/Electronica digital 3/Trabajo Final/Sintetizador/CMSISv2p00_LPC17xx/Debug/libCMSISv2p00_LPC17xx.a(lpc17xx_pinsel.o)
 .debug_macro   0x000000000000310f       0x8d /home/ferminverdolini/Universidad/Octavo semestre/Electronica digital 3/Trabajo Final/Sintetizador/CMSISv2p00_LPC17xx/Debug/libCMSISv2p00_LPC17xx.a(lpc17xx_clkpwr.o)
 .debug_macro   0x000000000000319c      0x2f1 /home/ferminverdolini/Universidad/Octavo semestre/Electronica digital 3/Trabajo Final/Sintetizador/CMSISv2p00_LPC17xx/Debug/libCMSISv2p00_LPC17xx.a(lpc17xx_clkpwr.o)

.debug_line     0x0000000000000000     0x2d16
 .debug_line    0x0000000000000000      0x160 ./src/cr_startup_lpc175x_6x.o
 .debug_line    0x0000000000000160       0xb5 ./src/crp.o
 .debug_line    0x0000000000000215      0x54b ./src/tp_final.o
 .debug_line    0x0000000000000760      0x43c /home/ferminverdolini/Universidad/Octavo semestre/Electronica digital 3/Trabajo Final/Sintetizador/CMSISv2p00_LPC17xx/Debug/libCMSISv2p00_LPC17xx.a(system_LPC17xx.o)
 .debug_line    0x0000000000000b9c      0x434 /home/ferminverdolini/Universidad/Octavo semestre/Electronica digital 3/Trabajo Final/Sintetizador/CMSISv2p00_LPC17xx/Debug/libCMSISv2p00_LPC17xx.a(lpc17xx_dac.o)
 .debug_line    0x0000000000000fd0      0x3ba /home/ferminverdolini/Universidad/Octavo semestre/Electronica digital 3/Trabajo Final/Sintetizador/CMSISv2p00_LPC17xx/Debug/libCMSISv2p00_LPC17xx.a(lpc17xx_exti.o)
 .debug_line    0x000000000000138a      0x665 /home/ferminverdolini/Universidad/Octavo semestre/Electronica digital 3/Trabajo Final/Sintetizador/CMSISv2p00_LPC17xx/Debug/libCMSISv2p00_LPC17xx.a(lpc17xx_gpdma.o)
 .debug_line    0x00000000000019ef      0x88c /home/ferminverdolini/Universidad/Octavo semestre/Electronica digital 3/Trabajo Final/Sintetizador/CMSISv2p00_LPC17xx/Debug/libCMSISv2p00_LPC17xx.a(lpc17xx_gpio.o)
 .debug_line    0x000000000000227b      0x253 /home/ferminverdolini/Universidad/Octavo semestre/Electronica digital 3/Trabajo Final/Sintetizador/CMSISv2p00_LPC17xx/Debug/libCMSISv2p00_LPC17xx.a(lpc17xx_libcfg_default.o)
 .debug_line    0x00000000000024ce      0x3af /home/ferminverdolini/Universidad/Octavo semestre/Electronica digital 3/Trabajo Final/Sintetizador/CMSISv2p00_LPC17xx/Debug/libCMSISv2p00_LPC17xx.a(lpc17xx_pinsel.o)
 .debug_line    0x000000000000287d      0x499 /home/ferminverdolini/Universidad/Octavo semestre/Electronica digital 3/Trabajo Final/Sintetizador/CMSISv2p00_LPC17xx/Debug/libCMSISv2p00_LPC17xx.a(lpc17xx_clkpwr.o)

.debug_str      0x0000000000000000     0xdc04
 .debug_str     0x0000000000000000     0x2ede ./src/cr_startup_lpc175x_6x.o
                                       0x2ef1 (size before relaxing)
 .debug_str     0x0000000000002ede       0xe9 ./src/crp.o
                                       0x2e12 (size before relaxing)
 .debug_str     0x0000000000002fc7     0x8595 ./src/tp_final.o
                                       0xb351 (size before relaxing)
 .debug_str     0x000000000000b55c      0x5b4 /home/ferminverdolini/Universidad/Octavo semestre/Electronica digital 3/Trabajo Final/Sintetizador/CMSISv2p00_LPC17xx/Debug/libCMSISv2p00_LPC17xx.a(system_LPC17xx.o)
                                       0x88e2 (size before relaxing)
 .debug_str     0x000000000000bb10     0x144a /home/ferminverdolini/Universidad/Octavo semestre/Electronica digital 3/Trabajo Final/Sintetizador/CMSISv2p00_LPC17xx/Debug/libCMSISv2p00_LPC17xx.a(lpc17xx_dac.o)
                                       0x9c8c (size before relaxing)
 .debug_str     0x000000000000cf5a       0x82 /home/ferminverdolini/Universidad/Octavo semestre/Electronica digital 3/Trabajo Final/Sintetizador/CMSISv2p00_LPC17xx/Debug/libCMSISv2p00_LPC17xx.a(lpc17xx_exti.o)
                                       0x8af8 (size before relaxing)
 .debug_str     0x000000000000cfdc      0x4af /home/ferminverdolini/Universidad/Octavo semestre/Electronica digital 3/Trabajo Final/Sintetizador/CMSISv2p00_LPC17xx/Debug/libCMSISv2p00_LPC17xx.a(lpc17xx_gpdma.o)
                                       0xb32d (size before relaxing)
 .debug_str     0x000000000000d48b      0x42c /home/ferminverdolini/Universidad/Octavo semestre/Electronica digital 3/Trabajo Final/Sintetizador/CMSISv2p00_LPC17xx/Debug/libCMSISv2p00_LPC17xx.a(lpc17xx_gpio.o)
                                       0x8e3b (size before relaxing)
 .debug_str     0x000000000000d8b7       0x2d /home/ferminverdolini/Universidad/Octavo semestre/Electronica digital 3/Trabajo Final/Sintetizador/CMSISv2p00_LPC17xx/Debug/libCMSISv2p00_LPC17xx.a(lpc17xx_libcfg_default.o)
                                       0x4709 (size before relaxing)
 .debug_str     0x000000000000d8e4      0x211 /home/ferminverdolini/Universidad/Octavo semestre/Electronica digital 3/Trabajo Final/Sintetizador/CMSISv2p00_LPC17xx/Debug/libCMSISv2p00_LPC17xx.a(lpc17xx_pinsel.o)
                                       0x8d54 (size before relaxing)
 .debug_str     0x000000000000daf5      0x10f /home/ferminverdolini/Universidad/Octavo semestre/Electronica digital 3/Trabajo Final/Sintetizador/CMSISv2p00_LPC17xx/Debug/libCMSISv2p00_LPC17xx.a(lpc17xx_clkpwr.o)
                                       0x9adc (size before relaxing)

.comment        0x0000000000000000       0x49
 .comment       0x0000000000000000       0x49 ./src/cr_startup_lpc175x_6x.o
                                         0x4a (size before relaxing)
 .comment       0x0000000000000049       0x4a ./src/crp.o
 .comment       0x0000000000000049       0x4a ./src/tp_final.o
 .comment       0x0000000000000049       0x4a /home/ferminverdolini/Universidad/Octavo semestre/Electronica digital 3/Trabajo Final/Sintetizador/CMSISv2p00_LPC17xx/Debug/libCMSISv2p00_LPC17xx.a(system_LPC17xx.o)
 .comment       0x0000000000000049       0x4a /home/ferminverdolini/Universidad/Octavo semestre/Electronica digital 3/Trabajo Final/Sintetizador/CMSISv2p00_LPC17xx/Debug/libCMSISv2p00_LPC17xx.a(lpc17xx_dac.o)
 .comment       0x0000000000000049       0x4a /home/ferminverdolini/Universidad/Octavo semestre/Electronica digital 3/Trabajo Final/Sintetizador/CMSISv2p00_LPC17xx/Debug/libCMSISv2p00_LPC17xx.a(lpc17xx_exti.o)
 .comment       0x0000000000000049       0x4a /home/ferminverdolini/Universidad/Octavo semestre/Electronica digital 3/Trabajo Final/Sintetizador/CMSISv2p00_LPC17xx/Debug/libCMSISv2p00_LPC17xx.a(lpc17xx_gpdma.o)
 .comment       0x0000000000000049       0x4a /home/ferminverdolini/Universidad/Octavo semestre/Electronica digital 3/Trabajo Final/Sintetizador/CMSISv2p00_LPC17xx/Debug/libCMSISv2p00_LPC17xx.a(lpc17xx_gpio.o)
 .comment       0x0000000000000049       0x4a /home/ferminverdolini/Universidad/Octavo semestre/Electronica digital 3/Trabajo Final/Sintetizador/CMSISv2p00_LPC17xx/Debug/libCMSISv2p00_LPC17xx.a(lpc17xx_libcfg_default.o)
 .comment       0x0000000000000049       0x4a /home/ferminverdolini/Universidad/Octavo semestre/Electronica digital 3/Trabajo Final/Sintetizador/CMSISv2p00_LPC17xx/Debug/libCMSISv2p00_LPC17xx.a(lpc17xx_pinsel.o)
 .comment       0x0000000000000049       0x4a /home/ferminverdolini/Universidad/Octavo semestre/Electronica digital 3/Trabajo Final/Sintetizador/CMSISv2p00_LPC17xx/Debug/libCMSISv2p00_LPC17xx.a(lpc17xx_clkpwr.o)
 .comment       0x0000000000000049       0x4a /usr/local/mcuxpressoide-11.6.0_8187/ide/plugins/com.nxp.mcuxpresso.tools.linux_11.6.0.202112161359/tools/bin/../lib/gcc/arm-none-eabi/10.3.1/../../../../arm-none-eabi/lib/thumb/v7-m/nofp/libcr_c.a(__weak__main.o)

.ARM.attributes
                0x0000000000000000       0x2b
 .ARM.attributes
                0x0000000000000000       0x2d ./src/cr_startup_lpc175x_6x.o
 .ARM.attributes
                0x000000000000002d       0x2d ./src/crp.o
 .ARM.attributes
                0x000000000000005a       0x2d ./src/tp_final.o
 .ARM.attributes
                0x0000000000000087       0x2d /home/ferminverdolini/Universidad/Octavo semestre/Electronica digital 3/Trabajo Final/Sintetizador/CMSISv2p00_LPC17xx/Debug/libCMSISv2p00_LPC17xx.a(system_LPC17xx.o)
 .ARM.attributes
                0x00000000000000b4       0x2d /home/ferminverdolini/Universidad/Octavo semestre/Electronica digital 3/Trabajo Final/Sintetizador/CMSISv2p00_LPC17xx/Debug/libCMSISv2p00_LPC17xx.a(lpc17xx_dac.o)
 .ARM.attributes
                0x00000000000000e1       0x2d /home/ferminverdolini/Universidad/Octavo semestre/Electronica digital 3/Trabajo Final/Sintetizador/CMSISv2p00_LPC17xx/Debug/libCMSISv2p00_LPC17xx.a(lpc17xx_exti.o)
 .ARM.attributes
                0x000000000000010e       0x2d /home/ferminverdolini/Universidad/Octavo semestre/Electronica digital 3/Trabajo Final/Sintetizador/CMSISv2p00_LPC17xx/Debug/libCMSISv2p00_LPC17xx.a(lpc17xx_gpdma.o)
 .ARM.attributes
                0x000000000000013b       0x2d /home/ferminverdolini/Universidad/Octavo semestre/Electronica digital 3/Trabajo Final/Sintetizador/CMSISv2p00_LPC17xx/Debug/libCMSISv2p00_LPC17xx.a(lpc17xx_gpio.o)
 .ARM.attributes
                0x0000000000000168       0x2d /home/ferminverdolini/Universidad/Octavo semestre/Electronica digital 3/Trabajo Final/Sintetizador/CMSISv2p00_LPC17xx/Debug/libCMSISv2p00_LPC17xx.a(lpc17xx_libcfg_default.o)
 .ARM.attributes
                0x0000000000000195       0x2d /home/ferminverdolini/Universidad/Octavo semestre/Electronica digital 3/Trabajo Final/Sintetizador/CMSISv2p00_LPC17xx/Debug/libCMSISv2p00_LPC17xx.a(lpc17xx_pinsel.o)
 .ARM.attributes
                0x00000000000001c2       0x2d /home/ferminverdolini/Universidad/Octavo semestre/Electronica digital 3/Trabajo Final/Sintetizador/CMSISv2p00_LPC17xx/Debug/libCMSISv2p00_LPC17xx.a(lpc17xx_clkpwr.o)
 .ARM.attributes
                0x00000000000001ef       0x2d /usr/local/mcuxpressoide-11.6.0_8187/ide/plugins/com.nxp.mcuxpresso.tools.linux_11.6.0.202112161359/tools/bin/../lib/gcc/arm-none-eabi/10.3.1/../../../../arm-none-eabi/lib/thumb/v7-m/nofp/libcr_c.a(__weak__main.o)

.debug_frame    0x0000000000000000      0x748
 .debug_frame   0x0000000000000000      0x170 ./src/cr_startup_lpc175x_6x.o
 .debug_frame   0x0000000000000170       0xc0 ./src/tp_final.o
 .debug_frame   0x0000000000000230       0x3c /home/ferminverdolini/Universidad/Octavo semestre/Electronica digital 3/Trabajo Final/Sintetizador/CMSISv2p00_LPC17xx/Debug/libCMSISv2p00_LPC17xx.a(system_LPC17xx.o)
 .debug_frame   0x000000000000026c       0x98 /home/ferminverdolini/Universidad/Octavo semestre/Electronica digital 3/Trabajo Final/Sintetizador/CMSISv2p00_LPC17xx/Debug/libCMSISv2p00_LPC17xx.a(lpc17xx_dac.o)
 .debug_frame   0x0000000000000304       0x7c /home/ferminverdolini/Universidad/Octavo semestre/Electronica digital 3/Trabajo Final/Sintetizador/CMSISv2p00_LPC17xx/Debug/libCMSISv2p00_LPC17xx.a(lpc17xx_exti.o)
 .debug_frame   0x0000000000000380       0x90 /home/ferminverdolini/Universidad/Octavo semestre/Electronica digital 3/Trabajo Final/Sintetizador/CMSISv2p00_LPC17xx/Debug/libCMSISv2p00_LPC17xx.a(lpc17xx_gpdma.o)
 .debug_frame   0x0000000000000410      0x228 /home/ferminverdolini/Universidad/Octavo semestre/Electronica digital 3/Trabajo Final/Sintetizador/CMSISv2p00_LPC17xx/Debug/libCMSISv2p00_LPC17xx.a(lpc17xx_gpio.o)
 .debug_frame   0x0000000000000638       0x20 /home/ferminverdolini/Universidad/Octavo semestre/Electronica digital 3/Trabajo Final/Sintetizador/CMSISv2p00_LPC17xx/Debug/libCMSISv2p00_LPC17xx.a(lpc17xx_libcfg_default.o)
 .debug_frame   0x0000000000000658       0x50 /home/ferminverdolini/Universidad/Octavo semestre/Electronica digital 3/Trabajo Final/Sintetizador/CMSISv2p00_LPC17xx/Debug/libCMSISv2p00_LPC17xx.a(lpc17xx_pinsel.o)
 .debug_frame   0x00000000000006a8       0xa0 /home/ferminverdolini/Universidad/Octavo semestre/Electronica digital 3/Trabajo Final/Sintetizador/CMSISv2p00_LPC17xx/Debug/libCMSISv2p00_LPC17xx.a(lpc17xx_clkpwr.o)

.debug_loc      0x0000000000000000     0x118a
 .debug_loc     0x0000000000000000      0x216 /home/ferminverdolini/Universidad/Octavo semestre/Electronica digital 3/Trabajo Final/Sintetizador/CMSISv2p00_LPC17xx/Debug/libCMSISv2p00_LPC17xx.a(lpc17xx_dac.o)
 .debug_loc     0x0000000000000216      0x176 /home/ferminverdolini/Universidad/Octavo semestre/Electronica digital 3/Trabajo Final/Sintetizador/CMSISv2p00_LPC17xx/Debug/libCMSISv2p00_LPC17xx.a(lpc17xx_exti.o)
 .debug_loc     0x000000000000038c      0x1ab /home/ferminverdolini/Universidad/Octavo semestre/Electronica digital 3/Trabajo Final/Sintetizador/CMSISv2p00_LPC17xx/Debug/libCMSISv2p00_LPC17xx.a(lpc17xx_gpdma.o)
 .debug_loc     0x0000000000000537      0x88e /home/ferminverdolini/Universidad/Octavo semestre/Electronica digital 3/Trabajo Final/Sintetizador/CMSISv2p00_LPC17xx/Debug/libCMSISv2p00_LPC17xx.a(lpc17xx_gpio.o)
 .debug_loc     0x0000000000000dc5       0x2a /home/ferminverdolini/Universidad/Octavo semestre/Electronica digital 3/Trabajo Final/Sintetizador/CMSISv2p00_LPC17xx/Debug/libCMSISv2p00_LPC17xx.a(lpc17xx_libcfg_default.o)
 .debug_loc     0x0000000000000def      0x1a1 /home/ferminverdolini/Universidad/Octavo semestre/Electronica digital 3/Trabajo Final/Sintetizador/CMSISv2p00_LPC17xx/Debug/libCMSISv2p00_LPC17xx.a(lpc17xx_pinsel.o)
 .debug_loc     0x0000000000000f90      0x1fa /home/ferminverdolini/Universidad/Octavo semestre/Electronica digital 3/Trabajo Final/Sintetizador/CMSISv2p00_LPC17xx/Debug/libCMSISv2p00_LPC17xx.a(lpc17xx_clkpwr.o)

Cross Reference Table

Symbol                                            File
ADC_IRQHandler                                    ./src/cr_startup_lpc175x_6x.o
BOD_IRQHandler                                    ./src/cr_startup_lpc175x_6x.o
BusFault_Handler                                  ./src/cr_startup_lpc175x_6x.o
CANActivity_IRQHandler                            ./src/cr_startup_lpc175x_6x.o
CAN_IRQHandler                                    ./src/cr_startup_lpc175x_6x.o
CLKPWR_ConfigPPWR                                 /home/ferminverdolini/Universidad/Octavo semestre/Electronica digital 3/Trabajo Final/Sintetizador/CMSISv2p00_LPC17xx/Debug/libCMSISv2p00_LPC17xx.a(lpc17xx_clkpwr.o)
                                                  /home/ferminverdolini/Universidad/Octavo semestre/Electronica digital 3/Trabajo Final/Sintetizador/CMSISv2p00_LPC17xx/Debug/libCMSISv2p00_LPC17xx.a(lpc17xx_gpdma.o)
CLKPWR_DeepPowerDown                              /home/ferminverdolini/Universidad/Octavo semestre/Electronica digital 3/Trabajo Final/Sintetizador/CMSISv2p00_LPC17xx/Debug/libCMSISv2p00_LPC17xx.a(lpc17xx_clkpwr.o)
CLKPWR_DeepSleep                                  /home/ferminverdolini/Universidad/Octavo semestre/Electronica digital 3/Trabajo Final/Sintetizador/CMSISv2p00_LPC17xx/Debug/libCMSISv2p00_LPC17xx.a(lpc17xx_clkpwr.o)
CLKPWR_GetPCLK                                    /home/ferminverdolini/Universidad/Octavo semestre/Electronica digital 3/Trabajo Final/Sintetizador/CMSISv2p00_LPC17xx/Debug/libCMSISv2p00_LPC17xx.a(lpc17xx_clkpwr.o)
CLKPWR_GetPCLKSEL                                 /home/ferminverdolini/Universidad/Octavo semestre/Electronica digital 3/Trabajo Final/Sintetizador/CMSISv2p00_LPC17xx/Debug/libCMSISv2p00_LPC17xx.a(lpc17xx_clkpwr.o)
CLKPWR_PowerDown                                  /home/ferminverdolini/Universidad/Octavo semestre/Electronica digital 3/Trabajo Final/Sintetizador/CMSISv2p00_LPC17xx/Debug/libCMSISv2p00_LPC17xx.a(lpc17xx_clkpwr.o)
CLKPWR_SetPCLKDiv                                 /home/ferminverdolini/Universidad/Octavo semestre/Electronica digital 3/Trabajo Final/Sintetizador/CMSISv2p00_LPC17xx/Debug/libCMSISv2p00_LPC17xx.a(lpc17xx_clkpwr.o)
CLKPWR_Sleep                                      /home/ferminverdolini/Universidad/Octavo semestre/Electronica digital 3/Trabajo Final/Sintetizador/CMSISv2p00_LPC17xx/Debug/libCMSISv2p00_LPC17xx.a(lpc17xx_clkpwr.o)
CRP_WORD                                          ./src/crp.o
CreateStack                                       ./src/Stack.o
DAC_ConfigDAConverterControl                      /home/ferminverdolini/Universidad/Octavo semestre/Electronica digital 3/Trabajo Final/Sintetizador/CMSISv2p00_LPC17xx/Debug/libCMSISv2p00_LPC17xx.a(lpc17xx_dac.o)
                                                  ./src/tp_final.o
DAC_Init                                          /home/ferminverdolini/Universidad/Octavo semestre/Electronica digital 3/Trabajo Final/Sintetizador/CMSISv2p00_LPC17xx/Debug/libCMSISv2p00_LPC17xx.a(lpc17xx_dac.o)
                                                  ./src/tp_final.o
DAC_SetBias                                       /home/ferminverdolini/Universidad/Octavo semestre/Electronica digital 3/Trabajo Final/Sintetizador/CMSISv2p00_LPC17xx/Debug/libCMSISv2p00_LPC17xx.a(lpc17xx_dac.o)
DAC_SetDMATimeOut                                 /home/ferminverdolini/Universidad/Octavo semestre/Electronica digital 3/Trabajo Final/Sintetizador/CMSISv2p00_LPC17xx/Debug/libCMSISv2p00_LPC17xx.a(lpc17xx_dac.o)
DAC_UpdateValue                                   /home/ferminverdolini/Universidad/Octavo semestre/Electronica digital 3/Trabajo Final/Sintetizador/CMSISv2p00_LPC17xx/Debug/libCMSISv2p00_LPC17xx.a(lpc17xx_dac.o)
DMA_IRQHandler                                    ./src/cr_startup_lpc175x_6x.o
DebugMon_Handler                                  ./src/cr_startup_lpc175x_6x.o
EINT0_IRQHandler                                  ./src/cr_startup_lpc175x_6x.o
EINT1_IRQHandler                                  ./src/cr_startup_lpc175x_6x.o
EINT2_IRQHandler                                  ./src/cr_startup_lpc175x_6x.o
EINT3_IRQHandler                                  ./src/cr_startup_lpc175x_6x.o
ENET_IRQHandler                                   ./src/cr_startup_lpc175x_6x.o
EXTI_ClearEXTIFlag                                /home/ferminverdolini/Universidad/Octavo semestre/Electronica digital 3/Trabajo Final/Sintetizador/CMSISv2p00_LPC17xx/Debug/libCMSISv2p00_LPC17xx.a(lpc17xx_exti.o)
EXTI_Config                                       /home/ferminverdolini/Universidad/Octavo semestre/Electronica digital 3/Trabajo Final/Sintetizador/CMSISv2p00_LPC17xx/Debug/libCMSISv2p00_LPC17xx.a(lpc17xx_exti.o)
                                                  ./src/tp_final.o
EXTI_DeInit                                       /home/ferminverdolini/Universidad/Octavo semestre/Electronica digital 3/Trabajo Final/Sintetizador/CMSISv2p00_LPC17xx/Debug/libCMSISv2p00_LPC17xx.a(lpc17xx_exti.o)
EXTI_Init                                         /home/ferminverdolini/Universidad/Octavo semestre/Electronica digital 3/Trabajo Final/Sintetizador/CMSISv2p00_LPC17xx/Debug/libCMSISv2p00_LPC17xx.a(lpc17xx_exti.o)
EXTI_SetMode                                      /home/ferminverdolini/Universidad/Octavo semestre/Electronica digital 3/Trabajo Final/Sintetizador/CMSISv2p00_LPC17xx/Debug/libCMSISv2p00_LPC17xx.a(lpc17xx_exti.o)
EXTI_SetPolarity                                  /home/ferminverdolini/Universidad/Octavo semestre/Electronica digital 3/Trabajo Final/Sintetizador/CMSISv2p00_LPC17xx/Debug/libCMSISv2p00_LPC17xx.a(lpc17xx_exti.o)
FIO_ByteClearValue                                /home/ferminverdolini/Universidad/Octavo semestre/Electronica digital 3/Trabajo Final/Sintetizador/CMSISv2p00_LPC17xx/Debug/libCMSISv2p00_LPC17xx.a(lpc17xx_gpio.o)
FIO_ByteReadValue                                 /home/ferminverdolini/Universidad/Octavo semestre/Electronica digital 3/Trabajo Final/Sintetizador/CMSISv2p00_LPC17xx/Debug/libCMSISv2p00_LPC17xx.a(lpc17xx_gpio.o)
FIO_ByteSetDir                                    /home/ferminverdolini/Universidad/Octavo semestre/Electronica digital 3/Trabajo Final/Sintetizador/CMSISv2p00_LPC17xx/Debug/libCMSISv2p00_LPC17xx.a(lpc17xx_gpio.o)
FIO_ByteSetMask                                   /home/ferminverdolini/Universidad/Octavo semestre/Electronica digital 3/Trabajo Final/Sintetizador/CMSISv2p00_LPC17xx/Debug/libCMSISv2p00_LPC17xx.a(lpc17xx_gpio.o)
FIO_ByteSetValue                                  /home/ferminverdolini/Universidad/Octavo semestre/Electronica digital 3/Trabajo Final/Sintetizador/CMSISv2p00_LPC17xx/Debug/libCMSISv2p00_LPC17xx.a(lpc17xx_gpio.o)
FIO_ClearInt                                      /home/ferminverdolini/Universidad/Octavo semestre/Electronica digital 3/Trabajo Final/Sintetizador/CMSISv2p00_LPC17xx/Debug/libCMSISv2p00_LPC17xx.a(lpc17xx_gpio.o)
FIO_ClearValue                                    /home/ferminverdolini/Universidad/Octavo semestre/Electronica digital 3/Trabajo Final/Sintetizador/CMSISv2p00_LPC17xx/Debug/libCMSISv2p00_LPC17xx.a(lpc17xx_gpio.o)
FIO_GetIntStatus                                  /home/ferminverdolini/Universidad/Octavo semestre/Electronica digital 3/Trabajo Final/Sintetizador/CMSISv2p00_LPC17xx/Debug/libCMSISv2p00_LPC17xx.a(lpc17xx_gpio.o)
FIO_HalfWordClearValue                            /home/ferminverdolini/Universidad/Octavo semestre/Electronica digital 3/Trabajo Final/Sintetizador/CMSISv2p00_LPC17xx/Debug/libCMSISv2p00_LPC17xx.a(lpc17xx_gpio.o)
FIO_HalfWordReadValue                             /home/ferminverdolini/Universidad/Octavo semestre/Electronica digital 3/Trabajo Final/Sintetizador/CMSISv2p00_LPC17xx/Debug/libCMSISv2p00_LPC17xx.a(lpc17xx_gpio.o)
FIO_HalfWordSetDir                                /home/ferminverdolini/Universidad/Octavo semestre/Electronica digital 3/Trabajo Final/Sintetizador/CMSISv2p00_LPC17xx/Debug/libCMSISv2p00_LPC17xx.a(lpc17xx_gpio.o)
FIO_HalfWordSetMask                               /home/ferminverdolini/Universidad/Octavo semestre/Electronica digital 3/Trabajo Final/Sintetizador/CMSISv2p00_LPC17xx/Debug/libCMSISv2p00_LPC17xx.a(lpc17xx_gpio.o)
FIO_HalfWordSetValue                              /home/ferminverdolini/Universidad/Octavo semestre/Electronica digital 3/Trabajo Final/Sintetizador/CMSISv2p00_LPC17xx/Debug/libCMSISv2p00_LPC17xx.a(lpc17xx_gpio.o)
FIO_IntCmd                                        /home/ferminverdolini/Universidad/Octavo semestre/Electronica digital 3/Trabajo Final/Sintetizador/CMSISv2p00_LPC17xx/Debug/libCMSISv2p00_LPC17xx.a(lpc17xx_gpio.o)
FIO_ReadValue                                     /home/ferminverdolini/Universidad/Octavo semestre/Electronica digital 3/Trabajo Final/Sintetizador/CMSISv2p00_LPC17xx/Debug/libCMSISv2p00_LPC17xx.a(lpc17xx_gpio.o)
FIO_SetDir                                        /home/ferminverdolini/Universidad/Octavo semestre/Electronica digital 3/Trabajo Final/Sintetizador/CMSISv2p00_LPC17xx/Debug/libCMSISv2p00_LPC17xx.a(lpc17xx_gpio.o)
FIO_SetMask                                       /home/ferminverdolini/Universidad/Octavo semestre/Electronica digital 3/Trabajo Final/Sintetizador/CMSISv2p00_LPC17xx/Debug/libCMSISv2p00_LPC17xx.a(lpc17xx_gpio.o)
FIO_SetValue                                      /home/ferminverdolini/Universidad/Octavo semestre/Electronica digital 3/Trabajo Final/Sintetizador/CMSISv2p00_LPC17xx/Debug/libCMSISv2p00_LPC17xx.a(lpc17xx_gpio.o)
GPDMA_ChannelCmd                                  /home/ferminverdolini/Universidad/Octavo semestre/Electronica digital 3/Trabajo Final/Sintetizador/CMSISv2p00_LPC17xx/Debug/libCMSISv2p00_LPC17xx.a(lpc17xx_gpdma.o)
                                                  ./src/tp_final.o
GPDMA_ClearIntPending                             /home/ferminverdolini/Universidad/Octavo semestre/Electronica digital 3/Trabajo Final/Sintetizador/CMSISv2p00_LPC17xx/Debug/libCMSISv2p00_LPC17xx.a(lpc17xx_gpdma.o)
GPDMA_Init                                        /home/ferminverdolini/Universidad/Octavo semestre/Electronica digital 3/Trabajo Final/Sintetizador/CMSISv2p00_LPC17xx/Debug/libCMSISv2p00_LPC17xx.a(lpc17xx_gpdma.o)
                                                  ./src/tp_final.o
GPDMA_IntGetStatus                                /home/ferminverdolini/Universidad/Octavo semestre/Electronica digital 3/Trabajo Final/Sintetizador/CMSISv2p00_LPC17xx/Debug/libCMSISv2p00_LPC17xx.a(lpc17xx_gpdma.o)
GPDMA_LUTPerAddr                                  /home/ferminverdolini/Universidad/Octavo semestre/Electronica digital 3/Trabajo Final/Sintetizador/CMSISv2p00_LPC17xx/Debug/libCMSISv2p00_LPC17xx.a(lpc17xx_gpdma.o)
GPDMA_LUTPerBurst                                 /home/ferminverdolini/Universidad/Octavo semestre/Electronica digital 3/Trabajo Final/Sintetizador/CMSISv2p00_LPC17xx/Debug/libCMSISv2p00_LPC17xx.a(lpc17xx_gpdma.o)
GPDMA_LUTPerWid                                   /home/ferminverdolini/Universidad/Octavo semestre/Electronica digital 3/Trabajo Final/Sintetizador/CMSISv2p00_LPC17xx/Debug/libCMSISv2p00_LPC17xx.a(lpc17xx_gpdma.o)
GPDMA_Setup                                       /home/ferminverdolini/Universidad/Octavo semestre/Electronica digital 3/Trabajo Final/Sintetizador/CMSISv2p00_LPC17xx/Debug/libCMSISv2p00_LPC17xx.a(lpc17xx_gpdma.o)
                                                  ./src/tp_final.o
GPIO_ClearInt                                     /home/ferminverdolini/Universidad/Octavo semestre/Electronica digital 3/Trabajo Final/Sintetizador/CMSISv2p00_LPC17xx/Debug/libCMSISv2p00_LPC17xx.a(lpc17xx_gpio.o)
GPIO_ClearValue                                   /home/ferminverdolini/Universidad/Octavo semestre/Electronica digital 3/Trabajo Final/Sintetizador/CMSISv2p00_LPC17xx/Debug/libCMSISv2p00_LPC17xx.a(lpc17xx_gpio.o)
GPIO_GetIntStatus                                 /home/ferminverdolini/Universidad/Octavo semestre/Electronica digital 3/Trabajo Final/Sintetizador/CMSISv2p00_LPC17xx/Debug/libCMSISv2p00_LPC17xx.a(lpc17xx_gpio.o)
GPIO_IntCmd                                       /home/ferminverdolini/Universidad/Octavo semestre/Electronica digital 3/Trabajo Final/Sintetizador/CMSISv2p00_LPC17xx/Debug/libCMSISv2p00_LPC17xx.a(lpc17xx_gpio.o)
                                                  ./src/tp_final.o
GPIO_ReadValue                                    /home/ferminverdolini/Universidad/Octavo semestre/Electronica digital 3/Trabajo Final/Sintetizador/CMSISv2p00_LPC17xx/Debug/libCMSISv2p00_LPC17xx.a(lpc17xx_gpio.o)
GPIO_SetDir                                       /home/ferminverdolini/Universidad/Octavo semestre/Electronica digital 3/Trabajo Final/Sintetizador/CMSISv2p00_LPC17xx/Debug/libCMSISv2p00_LPC17xx.a(lpc17xx_gpio.o)
GPIO_SetValue                                     /home/ferminverdolini/Universidad/Octavo semestre/Electronica digital 3/Trabajo Final/Sintetizador/CMSISv2p00_LPC17xx/Debug/libCMSISv2p00_LPC17xx.a(lpc17xx_gpio.o)
GetNumTecla                                       ./src/Stack.o
HardFault_Handler                                 ./src/cr_startup_lpc175x_6x.o
I2C0_IRQHandler                                   ./src/cr_startup_lpc175x_6x.o
I2C1_IRQHandler                                   ./src/cr_startup_lpc175x_6x.o
I2C2_IRQHandler                                   ./src/cr_startup_lpc175x_6x.o
I2S_IRQHandler                                    ./src/cr_startup_lpc175x_6x.o
InsertTecla                                       ./src/Stack.o
IntDefaultHandler                                 ./src/cr_startup_lpc175x_6x.o
MCPWM_IRQHandler                                  ./src/cr_startup_lpc175x_6x.o
MemManage_Handler                                 ./src/cr_startup_lpc175x_6x.o
NMI_Handler                                       ./src/cr_startup_lpc175x_6x.o
PINSEL_ConfigPin                                  /home/ferminverdolini/Universidad/Octavo semestre/Electronica digital 3/Trabajo Final/Sintetizador/CMSISv2p00_LPC17xx/Debug/libCMSISv2p00_LPC17xx.a(lpc17xx_pinsel.o)
                                                  ./src/tp_final.o
PINSEL_ConfigTraceFunc                            /home/ferminverdolini/Universidad/Octavo semestre/Electronica digital 3/Trabajo Final/Sintetizador/CMSISv2p00_LPC17xx/Debug/libCMSISv2p00_LPC17xx.a(lpc17xx_pinsel.o)
PINSEL_SetI2C0Pins                                /home/ferminverdolini/Universidad/Octavo semestre/Electronica digital 3/Trabajo Final/Sintetizador/CMSISv2p00_LPC17xx/Debug/libCMSISv2p00_LPC17xx.a(lpc17xx_pinsel.o)
PLL0_IRQHandler                                   ./src/cr_startup_lpc175x_6x.o
PLL1_IRQHandler                                   ./src/cr_startup_lpc175x_6x.o
PWM1_IRQHandler                                   ./src/cr_startup_lpc175x_6x.o
PendSV_Handler                                    ./src/cr_startup_lpc175x_6x.o
QEI_IRQHandler                                    ./src/cr_startup_lpc175x_6x.o
RIT_IRQHandler                                    ./src/cr_startup_lpc175x_6x.o
RTC_IRQHandler                                    ./src/cr_startup_lpc175x_6x.o
RemoveTecla                                       ./src/Stack.o
ResetISR                                          ./src/cr_startup_lpc175x_6x.o
SPI_IRQHandler                                    ./src/cr_startup_lpc175x_6x.o
SSP0_IRQHandler                                   ./src/cr_startup_lpc175x_6x.o
SSP1_IRQHandler                                   ./src/cr_startup_lpc175x_6x.o
SVC_Handler                                       ./src/cr_startup_lpc175x_6x.o
SysTick_Handler                                   ./src/cr_startup_lpc175x_6x.o
SystemCoreClock                                   /home/ferminverdolini/Universidad/Octavo semestre/Electronica digital 3/Trabajo Final/Sintetizador/CMSISv2p00_LPC17xx/Debug/libCMSISv2p00_LPC17xx.a(system_LPC17xx.o)
                                                  /home/ferminverdolini/Universidad/Octavo semestre/Electronica digital 3/Trabajo Final/Sintetizador/CMSISv2p00_LPC17xx/Debug/libCMSISv2p00_LPC17xx.a(lpc17xx_clkpwr.o)
SystemCoreClockUpdate                             /home/ferminverdolini/Universidad/Octavo semestre/Electronica digital 3/Trabajo Final/Sintetizador/CMSISv2p00_LPC17xx/Debug/libCMSISv2p00_LPC17xx.a(system_LPC17xx.o)
SystemInit                                        /home/ferminverdolini/Universidad/Octavo semestre/Electronica digital 3/Trabajo Final/Sintetizador/CMSISv2p00_LPC17xx/Debug/libCMSISv2p00_LPC17xx.a(system_LPC17xx.o)
                                                  ./src/cr_startup_lpc175x_6x.o
TIMER0_IRQHandler                                 ./src/cr_startup_lpc175x_6x.o
TIMER1_IRQHandler                                 ./src/cr_startup_lpc175x_6x.o
TIMER2_IRQHandler                                 ./src/cr_startup_lpc175x_6x.o
TIMER3_IRQHandler                                 ./src/cr_startup_lpc175x_6x.o
UART0_IRQHandler                                  ./src/cr_startup_lpc175x_6x.o
UART1_IRQHandler                                  ./src/cr_startup_lpc175x_6x.o
UART2_IRQHandler                                  ./src/cr_startup_lpc175x_6x.o
UART3_IRQHandler                                  ./src/cr_startup_lpc175x_6x.o
USBActivity_IRQHandler                            ./src/cr_startup_lpc175x_6x.o
USB_IRQHandler                                    ./src/cr_startup_lpc175x_6x.o
UsageFault_Handler                                ./src/cr_startup_lpc175x_6x.o
WDT_IRQHandler                                    ./src/cr_startup_lpc175x_6x.o
_Csys_alloc                                       /usr/local/mcuxpressoide-11.6.0_8187/ide/plugins/com.nxp.mcuxpresso.tools.linux_11.6.0.202112161359/tools/bin/../lib/gcc/arm-none-eabi/10.3.1/../../../../arm-none-eabi/lib/thumb/v7-m/nofp/libcr_c.a(alloc.o)
__aeabi_idiv0                                     /usr/local/mcuxpressoide-11.6.0_8187/ide/plugins/com.nxp.mcuxpresso.tools.linux_11.6.0.202112161359/tools/bin/../lib/gcc/arm-none-eabi/10.3.1/thumb/v7-m/nofp/libcr_eabihelpers.a(division_idiv0.o)
                                                  /usr/local/mcuxpressoide-11.6.0_8187/ide/plugins/com.nxp.mcuxpresso.tools.linux_11.6.0.202112161359/tools/bin/../lib/gcc/arm-none-eabi/10.3.1/thumb/v7-m/nofp/libcr_eabihelpers.a(division_64.o)
__aeabi_ldivmod                                   /usr/local/mcuxpressoide-11.6.0_8187/ide/plugins/com.nxp.mcuxpresso.tools.linux_11.6.0.202112161359/tools/bin/../lib/gcc/arm-none-eabi/10.3.1/thumb/v7-m/nofp/libcr_eabihelpers.a(division_64.o)
                                                  /home/ferminverdolini/Universidad/Octavo semestre/Electronica digital 3/Trabajo Final/Sintetizador/CMSISv2p00_LPC17xx/Debug/libCMSISv2p00_LPC17xx.a(system_LPC17xx.o)
__aeabi_lowlevel_memset                           /usr/local/mcuxpressoide-11.6.0_8187/ide/plugins/com.nxp.mcuxpresso.tools.linux_11.6.0.202112161359/tools/bin/../lib/gcc/arm-none-eabi/10.3.1/thumb/v7-m/nofp/libcr_eabihelpers.a(memcpy.o)
                                                  /usr/local/mcuxpressoide-11.6.0_8187/ide/plugins/com.nxp.mcuxpresso.tools.linux_11.6.0.202112161359/tools/bin/../lib/gcc/arm-none-eabi/10.3.1/../../../../arm-none-eabi/lib/thumb/v7-m/nofp/libcr_c.a(memset.o)
__aeabi_memclr                                    /usr/local/mcuxpressoide-11.6.0_8187/ide/plugins/com.nxp.mcuxpresso.tools.linux_11.6.0.202112161359/tools/bin/../lib/gcc/arm-none-eabi/10.3.1/thumb/v7-m/nofp/libcr_eabihelpers.a(memcpy.o)
__aeabi_memclr4                                   /usr/local/mcuxpressoide-11.6.0_8187/ide/plugins/com.nxp.mcuxpresso.tools.linux_11.6.0.202112161359/tools/bin/../lib/gcc/arm-none-eabi/10.3.1/thumb/v7-m/nofp/libcr_eabihelpers.a(memcpy.o)
__aeabi_memclr8                                   /usr/local/mcuxpressoide-11.6.0_8187/ide/plugins/com.nxp.mcuxpresso.tools.linux_11.6.0.202112161359/tools/bin/../lib/gcc/arm-none-eabi/10.3.1/thumb/v7-m/nofp/libcr_eabihelpers.a(memcpy.o)
__aeabi_memcpy                                    /usr/local/mcuxpressoide-11.6.0_8187/ide/plugins/com.nxp.mcuxpresso.tools.linux_11.6.0.202112161359/tools/bin/../lib/gcc/arm-none-eabi/10.3.1/thumb/v7-m/nofp/libcr_eabihelpers.a(memcpy.o)
                                                  /usr/local/mcuxpressoide-11.6.0_8187/ide/plugins/com.nxp.mcuxpresso.tools.linux_11.6.0.202112161359/tools/bin/../lib/gcc/arm-none-eabi/10.3.1/../../../../arm-none-eabi/lib/thumb/v7-m/nofp/libcr_c.a(memcpy.o)
__aeabi_memcpy4                                   /usr/local/mcuxpressoide-11.6.0_8187/ide/plugins/com.nxp.mcuxpresso.tools.linux_11.6.0.202112161359/tools/bin/../lib/gcc/arm-none-eabi/10.3.1/thumb/v7-m/nofp/libcr_eabihelpers.a(memcpy.o)
__aeabi_memcpy8                                   /usr/local/mcuxpressoide-11.6.0_8187/ide/plugins/com.nxp.mcuxpresso.tools.linux_11.6.0.202112161359/tools/bin/../lib/gcc/arm-none-eabi/10.3.1/thumb/v7-m/nofp/libcr_eabihelpers.a(memcpy.o)
__aeabi_memmove                                   /usr/local/mcuxpressoide-11.6.0_8187/ide/plugins/com.nxp.mcuxpresso.tools.linux_11.6.0.202112161359/tools/bin/../lib/gcc/arm-none-eabi/10.3.1/thumb/v7-m/nofp/libcr_eabihelpers.a(memcpy.o)
__aeabi_memmove4                                  /usr/local/mcuxpressoide-11.6.0_8187/ide/plugins/com.nxp.mcuxpresso.tools.linux_11.6.0.202112161359/tools/bin/../lib/gcc/arm-none-eabi/10.3.1/thumb/v7-m/nofp/libcr_eabihelpers.a(memcpy.o)
__aeabi_memmove8                                  /usr/local/mcuxpressoide-11.6.0_8187/ide/plugins/com.nxp.mcuxpresso.tools.linux_11.6.0.202112161359/tools/bin/../lib/gcc/arm-none-eabi/10.3.1/thumb/v7-m/nofp/libcr_eabihelpers.a(memcpy.o)
__aeabi_memset                                    /usr/local/mcuxpressoide-11.6.0_8187/ide/plugins/com.nxp.mcuxpresso.tools.linux_11.6.0.202112161359/tools/bin/../lib/gcc/arm-none-eabi/10.3.1/thumb/v7-m/nofp/libcr_eabihelpers.a(memcpy.o)
__aeabi_memset4                                   /usr/local/mcuxpressoide-11.6.0_8187/ide/plugins/com.nxp.mcuxpresso.tools.linux_11.6.0.202112161359/tools/bin/../lib/gcc/arm-none-eabi/10.3.1/thumb/v7-m/nofp/libcr_eabihelpers.a(memcpy.o)
__aeabi_memset8                                   /usr/local/mcuxpressoide-11.6.0_8187/ide/plugins/com.nxp.mcuxpresso.tools.linux_11.6.0.202112161359/tools/bin/../lib/gcc/arm-none-eabi/10.3.1/thumb/v7-m/nofp/libcr_eabihelpers.a(memcpy.o)
__aeabi_uldivmod                                  /usr/local/mcuxpressoide-11.6.0_8187/ide/plugins/com.nxp.mcuxpresso.tools.linux_11.6.0.202112161359/tools/bin/../lib/gcc/arm-none-eabi/10.3.1/thumb/v7-m/nofp/libcr_eabihelpers.a(division_64.o)
                                                  /home/ferminverdolini/Universidad/Octavo semestre/Electronica digital 3/Trabajo Final/Sintetizador/CMSISv2p00_LPC17xx/Debug/libCMSISv2p00_LPC17xx.a(system_LPC17xx.o)
__bhs_ldivmod1                                    /usr/local/mcuxpressoide-11.6.0_8187/ide/plugins/com.nxp.mcuxpresso.tools.linux_11.6.0.202112161359/tools/bin/../lib/gcc/arm-none-eabi/10.3.1/thumb/v7-m/nofp/libcr_eabihelpers.a(division_64.o)
__bss_section_table_end                           ./src/cr_startup_lpc175x_6x.o
__check_heap_overflow                             /usr/local/mcuxpressoide-11.6.0_8187/ide/plugins/com.nxp.mcuxpresso.tools.linux_11.6.0.202112161359/tools/bin/../lib/gcc/arm-none-eabi/10.3.1/../../../../arm-none-eabi/lib/thumb/v7-m/nofp/libcr_c.a(_cr_check_heap.o)
                                                  /usr/local/mcuxpressoide-11.6.0_8187/ide/plugins/com.nxp.mcuxpresso.tools.linux_11.6.0.202112161359/tools/bin/../lib/gcc/arm-none-eabi/10.3.1/../../../../arm-none-eabi/lib/thumb/v7-m/nofp/libcr_c.a(_cr_sbrk.o)
__data_section_table                              ./src/cr_startup_lpc175x_6x.o
__data_section_table_end                          ./src/cr_startup_lpc175x_6x.o
__end_of_heap                                     /usr/local/mcuxpressoide-11.6.0_8187/ide/plugins/com.nxp.mcuxpresso.tools.linux_11.6.0.202112161359/tools/bin/../lib/gcc/arm-none-eabi/10.3.1/../../../../arm-none-eabi/lib/thumb/v7-m/nofp/libcr_c.a(__init_alloc.o)
                                                  /usr/local/mcuxpressoide-11.6.0_8187/ide/plugins/com.nxp.mcuxpresso.tools.linux_11.6.0.202112161359/tools/bin/../lib/gcc/arm-none-eabi/10.3.1/../../../../arm-none-eabi/lib/thumb/v7-m/nofp/libcr_c.a(_cr_sbrk.o)
__heaps                                           /usr/local/mcuxpressoide-11.6.0_8187/ide/plugins/com.nxp.mcuxpresso.tools.linux_11.6.0.202112161359/tools/bin/../lib/gcc/arm-none-eabi/10.3.1/../../../../arm-none-eabi/lib/thumb/v7-m/nofp/libcr_c.a(__init_alloc.o)
                                                  /usr/local/mcuxpressoide-11.6.0_8187/ide/plugins/com.nxp.mcuxpresso.tools.linux_11.6.0.202112161359/tools/bin/../lib/gcc/arm-none-eabi/10.3.1/../../../../arm-none-eabi/lib/thumb/v7-m/nofp/libcr_c.a(alloc.o)
__main                                            /usr/local/mcuxpressoide-11.6.0_8187/ide/plugins/com.nxp.mcuxpresso.tools.linux_11.6.0.202112161359/tools/bin/../lib/gcc/arm-none-eabi/10.3.1/../../../../arm-none-eabi/lib/thumb/v7-m/nofp/libcr_c.a(__weak__main.o)
                                                  ./src/cr_startup_lpc175x_6x.o
__sys_appexit                                     /usr/local/mcuxpressoide-11.6.0_8187/ide/plugins/com.nxp.mcuxpresso.tools.linux_11.6.0.202112161359/tools/bin/../lib/gcc/arm-none-eabi/10.3.1/../../../../arm-none-eabi/lib/thumb/v7-m/nofp/libcr_c.a(alloc.o)
__sys_write                                       /usr/local/mcuxpressoide-11.6.0_8187/ide/plugins/com.nxp.mcuxpresso.tools.linux_11.6.0.202112161359/tools/bin/../lib/gcc/arm-none-eabi/10.3.1/../../../../arm-none-eabi/lib/thumb/v7-m/nofp/libcr_c.a(alloc.o)
__valid_user_code_checksum                        ./src/cr_startup_lpc175x_6x.o
__weak_main                                       /usr/local/mcuxpressoide-11.6.0_8187/ide/plugins/com.nxp.mcuxpresso.tools.linux_11.6.0.202112161359/tools/bin/../lib/gcc/arm-none-eabi/10.3.1/../../../../arm-none-eabi/lib/thumb/v7-m/nofp/libcr_c.a(__weak__main.o)
_init_alloc                                       /usr/local/mcuxpressoide-11.6.0_8187/ide/plugins/com.nxp.mcuxpresso.tools.linux_11.6.0.202112161359/tools/bin/../lib/gcc/arm-none-eabi/10.3.1/../../../../arm-none-eabi/lib/thumb/v7-m/nofp/libcr_c.a(__init_alloc.o)
_pvHeapLimit                                      /usr/local/mcuxpressoide-11.6.0_8187/ide/plugins/com.nxp.mcuxpresso.tools.linux_11.6.0.202112161359/tools/bin/../lib/gcc/arm-none-eabi/10.3.1/../../../../arm-none-eabi/lib/thumb/v7-m/nofp/libcr_c.a(_cr_check_heap.o)
_pvHeapStart                                      /usr/local/mcuxpressoide-11.6.0_8187/ide/plugins/com.nxp.mcuxpresso.tools.linux_11.6.0.202112161359/tools/bin/../lib/gcc/arm-none-eabi/10.3.1/../../../../arm-none-eabi/lib/thumb/v7-m/nofp/libcr_c.a(_cr_sbrk.o)
_sbrk                                             /usr/local/mcuxpressoide-11.6.0_8187/ide/plugins/com.nxp.mcuxpresso.tools.linux_11.6.0.202112161359/tools/bin/../lib/gcc/arm-none-eabi/10.3.1/../../../../arm-none-eabi/lib/thumb/v7-m/nofp/libcr_c.a(_cr_sbrk.o)
                                                  /usr/local/mcuxpressoide-11.6.0_8187/ide/plugins/com.nxp.mcuxpresso.tools.linux_11.6.0.202112161359/tools/bin/../lib/gcc/arm-none-eabi/10.3.1/../../../../arm-none-eabi/lib/thumb/v7-m/nofp/libcr_c.a(alloc.o)
_vStackTop                                        ./src/cr_startup_lpc175x_6x.o
bss_init                                          ./src/cr_startup_lpc175x_6x.o
calloc                                            /usr/local/mcuxpressoide-11.6.0_8187/ide/plugins/com.nxp.mcuxpresso.tools.linux_11.6.0.202112161359/tools/bin/../lib/gcc/arm-none-eabi/10.3.1/../../../../arm-none-eabi/lib/thumb/v7-m/nofp/libcr_c.a(alloc.o)
cfgDAC                                            ./src/tp_final.o
cfgDMA                                            ./src/tp_final.o
cfgPines                                          ./src/tp_final.o
check_failed                                      /home/ferminverdolini/Universidad/Octavo semestre/Electronica digital 3/Trabajo Final/Sintetizador/CMSISv2p00_LPC17xx/Debug/libCMSISv2p00_LPC17xx.a(lpc17xx_libcfg_default.o)
                                                  /home/ferminverdolini/Universidad/Octavo semestre/Electronica digital 3/Trabajo Final/Sintetizador/CMSISv2p00_LPC17xx/Debug/libCMSISv2p00_LPC17xx.a(lpc17xx_gpdma.o)
                                                  /home/ferminverdolini/Universidad/Octavo semestre/Electronica digital 3/Trabajo Final/Sintetizador/CMSISv2p00_LPC17xx/Debug/libCMSISv2p00_LPC17xx.a(lpc17xx_dac.o)
data_init                                         ./src/cr_startup_lpc175x_6x.o
errno                                             /usr/local/mcuxpressoide-11.6.0_8187/ide/plugins/com.nxp.mcuxpresso.tools.linux_11.6.0.202112161359/tools/bin/../lib/gcc/arm-none-eabi/10.3.1/../../../../arm-none-eabi/lib/thumb/v7-m/nofp/libcr_c.a(errno.o)
                                                  /usr/local/mcuxpressoide-11.6.0_8187/ide/plugins/com.nxp.mcuxpresso.tools.linux_11.6.0.202112161359/tools/bin/../lib/gcc/arm-none-eabi/10.3.1/../../../../arm-none-eabi/lib/thumb/v7-m/nofp/libcr_c.a(_cr_sbrk.o)
free                                              /usr/local/mcuxpressoide-11.6.0_8187/ide/plugins/com.nxp.mcuxpresso.tools.linux_11.6.0.202112161359/tools/bin/../lib/gcc/arm-none-eabi/10.3.1/../../../../arm-none-eabi/lib/thumb/v7-m/nofp/libcr_c.a(alloc.o)
                                                  ./src/Stack.o
g_pfnVectors                                      ./src/cr_startup_lpc175x_6x.o
main                                              ./src/tp_final.o
                                                  /usr/local/mcuxpressoide-11.6.0_8187/ide/plugins/com.nxp.mcuxpresso.tools.linux_11.6.0.202112161359/tools/bin/../lib/gcc/arm-none-eabi/10.3.1/../../../../arm-none-eabi/lib/thumb/v7-m/nofp/libcr_c.a(__weak__main.o)
makeSignals                                       ./src/tp_final.o
malloc                                            /usr/local/mcuxpressoide-11.6.0_8187/ide/plugins/com.nxp.mcuxpresso.tools.linux_11.6.0.202112161359/tools/bin/../lib/gcc/arm-none-eabi/10.3.1/../../../../arm-none-eabi/lib/thumb/v7-m/nofp/libcr_c.a(alloc.o)
                                                  ./src/Stack.o
memcpy                                            /usr/local/mcuxpressoide-11.6.0_8187/ide/plugins/com.nxp.mcuxpresso.tools.linux_11.6.0.202112161359/tools/bin/../lib/gcc/arm-none-eabi/10.3.1/../../../../arm-none-eabi/lib/thumb/v7-m/nofp/libcr_c.a(memcpy.o)
                                                  /usr/local/mcuxpressoide-11.6.0_8187/ide/plugins/com.nxp.mcuxpresso.tools.linux_11.6.0.202112161359/tools/bin/../lib/gcc/arm-none-eabi/10.3.1/../../../../arm-none-eabi/lib/thumb/v7-m/nofp/libcr_c.a(alloc.o)
memset                                            /usr/local/mcuxpressoide-11.6.0_8187/ide/plugins/com.nxp.mcuxpresso.tools.linux_11.6.0.202112161359/tools/bin/../lib/gcc/arm-none-eabi/10.3.1/../../../../arm-none-eabi/lib/thumb/v7-m/nofp/libcr_c.a(memset.o)
                                                  /usr/local/mcuxpressoide-11.6.0_8187/ide/plugins/com.nxp.mcuxpresso.tools.linux_11.6.0.202112161359/tools/bin/../lib/gcc/arm-none-eabi/10.3.1/../../../../arm-none-eabi/lib/thumb/v7-m/nofp/libcr_c.a(alloc.o)
pGPDMACh                                          /home/ferminverdolini/Universidad/Octavo semestre/Electronica digital 3/Trabajo Final/Sintetizador/CMSISv2p00_LPC17xx/Debug/libCMSISv2p00_LPC17xx.a(lpc17xx_gpdma.o)
realloc                                           /usr/local/mcuxpressoide-11.6.0_8187/ide/plugins/com.nxp.mcuxpresso.tools.linux_11.6.0.202112161359/tools/bin/../lib/gcc/arm-none-eabi/10.3.1/../../../../arm-none-eabi/lib/thumb/v7-m/nofp/libcr_c.a(alloc.o)
sgnRect                                           ./src/tp_final.o
sgnSierra                                         ./src/tp_final.o
sgnTriang                                         ./src/tp_final.o
sgnflag                                           ./src/tp_final.o
